CCS PCH C Compiler, Version 4.041, 39215               28-avr.-11 16:24

               Filename: test_1.lst

               ROM used: 52 bytes (0%)
                         Largest free fragment is 32716
               RAM used: 6 (0%) at main() level
                         6 (0%) worst case
               Stack:    0 locations

*
0000:  GOTO   0004
.................... //      Carte Test 
.................... //      Version 1.0 - HDT - 28/04/2011 
.................... // 
....................  
.................... #include <18F258.h> 
.................... //////// Standard Header file for the PIC18F258 device //////////////// 
.................... #device PIC18F258 
.................... #list 
....................  
....................  
.................... #fuses HS,NOPROTECT,NOLVP,NOWDT 
.................... #use delay(clock=20000000) 
.................... #use rs232(baud=115200,xmit=PIN_C6,rcv=PIN_C7) 
....................  
.................... // Variables utilisées 
....................  
.................... char c; 
....................  
.................... // Fonctions 
....................  
.................... #org DEFAULT 
.................... void main() 
.................... { 
0004:  CLRF   FF8
0006:  BCF    FD0.7
0008:  CLRF   FEA
000A:  CLRF   FE9
000C:  MOVLW  0A
000E:  MOVWF  FAF
0010:  MOVLW  A6
0012:  MOVWF  FAC
0014:  MOVLW  90
0016:  MOVWF  FAB
0018:  BSF    FC1.0
001A:  BSF    FC1.1
001C:  BSF    FC1.2
001E:  BCF    FC1.3
....................     while(true) 
....................     { 
....................         c = getc(); 
0020:  BTFSS  F9E.5
0022:  BRA    0020
0024:  MOVFF  FAE,05
....................         putc(c); 
0028:  MOVF   05,W
002A:  BTFSS  F9E.4
002C:  BRA    002A
002E:  MOVWF  FAD
....................     } 
0030:  BRA    0020
.................... } 
0032:  SLEEP 

Configuration Fuses:
   Word  1: 2200   HS NOOSCSEN
   Word  2: 0E0E   BROWNOUT WDT128 NOWDT BORV20 PUT
   Word  3: 0000  
   Word  4: 0081   STVREN NODEBUG NOLVP
   Word  5: C00F   NOPROTECT NOCPD NOCPB
   Word  6: E00F   NOWRT NOWRTD NOWRTB NOWRTC
   Word  7: 400F   NOEBTR NOEBTRB
