EESchema (2006-08-28)  >> Creation date: 17/1/2003-12:10:41

#Cmp ( ordre = Reference )
| C1         10u         
| C10        1u          
| C11        330n        
| C12        330n        
| C13        330n        
| C14        330n        
| C15        330n        
| C16        330n        
| C17        330n        
| C18        330n        
| C2         17p         
| C3         1u          
| C4         1u          
| C5         1u          
| C6         1u          
| C7         1u          
| C8         1u          
| C9         1u          
| D1         10V         
| D10        10V         
| D11        10V         
| D12        10V         
| D13        10V         
| D14        JAUNE       
| D15        10V         
| D2         10V         
| D3         10V         
| D4         10V         
| D5         10V         
| D6         10V         
| D7         10V         
| D8         10V         
| D9         10V         
| J1         DB25        
| P1         ALIM        
| P10        UConv       
| P2         IMot1       
| P3         IMot2       
| P4         ISc1        
| P5         ISc2        
| P6         Temp1       
| P7         Temp2       
| P8         ToDriver1   
| P9         ToDriver2   
| R1         100         
| R10        10k         
| R11        10k         
| R12        10k         
| R13        10k         
| R14        10k         
| R15        10k         
| R16        12k         
| R17        15k         
| R18        20k         
| R19        20k         
| R2         100         
| R20        20k         
| R21        20k         
| R22        240         
| R23        330         
| R24        330         
| R25        330         
| R26        500         
| R27        7,5k        
| R28        7,5k        
| R29        R           
| R3         100         
| R30        R           
| R31        R           
| R32        R           
| R33        R           
| R34        R           
| R35        R           
| R36        100         
| R4         100         
| R5         100         
| R6         100         
| R7         100         
| R8         10k         
| R9         10k         
| U1         LEM_Umot1   
| U10        LM358       
| U11        LM358       
| U12        TRACO_20WIN_DUAL
| U2         LEM_Umot2   
| U3         LEM_USc     
| U4         LM324       
| U5         LM358       
| U6         LM358       
| U7         LM358       
| U8         LM358       
| U9         LM358       
#End Cmp

#Cmp ( ordre = Valeur )
| 100          R1        
| 100          R2        
| 100          R3        
| 100          R36       
| 100          R4        
| 100          R5        
| 100          R6        
| 100          R7        
| 10k          R10       
| 10k          R11       
| 10k          R12       
| 10k          R13       
| 10k          R14       
| 10k          R15       
| 10k          R8        
| 10k          R9        
| 10u          C1        
| 10V          D1        
| 10V          D10       
| 10V          D11       
| 10V          D12       
| 10V          D13       
| 10V          D15       
| 10V          D2        
| 10V          D3        
| 10V          D4        
| 10V          D5        
| 10V          D6        
| 10V          D7        
| 10V          D8        
| 10V          D9        
| 12k          R16       
| 15k          R17       
| 17p          C2        
| 1u           C10       
| 1u           C3        
| 1u           C4        
| 1u           C5        
| 1u           C6        
| 1u           C7        
| 1u           C8        
| 1u           C9        
| 20k          R18       
| 20k          R19       
| 20k          R20       
| 20k          R21       
| 240          R22       
| 330          R23       
| 330          R24       
| 330          R25       
| 330n         C11       
| 330n         C12       
| 330n         C13       
| 330n         C14       
| 330n         C15       
| 330n         C16       
| 330n         C17       
| 330n         C18       
| 500          R26       
| 7,5k         R27       
| 7,5k         R28       
| ALIM         P1        
| DB25         J1        
| IMot1        P2        
| IMot2        P3        
| ISc1         P4        
| ISc2         P5        
| JAUNE        D14       
| LEM_Umot1    U1        
| LEM_Umot2    U2        
| LEM_USc      U3        
| LM324        U4        
| LM358        U10       
| LM358        U11       
| LM358        U5        
| LM358        U6        
| LM358        U7        
| LM358        U8        
| LM358        U9        
| R            R29       
| R            R30       
| R            R31       
| R            R32       
| R            R33       
| R            R34       
| R            R35       
| Temp1        P6        
| Temp2        P7        
| ToDriver1    P8        
| ToDriver2    P9        
| TRACO_20WIN_DUAL U12       
| UConv        P10       
#End Cmp

#End List
