CCS PCH C Compiler, Version 4.057, 32216               27-avr.-11 17:47

               Filename: carte_alimentation_v1.lst

               ROM used: 1246 bytes (4%)
                         Largest free fragment is 31518
               RAM used: 31 (2%) at main() level
                         59 (4%) worst case
               Stack:    3 worst case (2 in main + 1 for interrupts)

*
0000:  GOTO   0412
*
0008:  MOVWF  05
000A:  MOVFF  FD8,06
000E:  MOVFF  FE0,07
0012:  MOVLB  0
0014:  MOVFF  FE9,0D
0018:  MOVFF  FEA,08
001C:  MOVFF  FE1,09
0020:  MOVFF  FE2,0A
0024:  MOVFF  FD9,0B
0028:  MOVFF  FDA,0C
002C:  MOVFF  FF3,14
0030:  MOVFF  FF4,15
0034:  MOVFF  FFA,16
0038:  MOVFF  00,0F
003C:  MOVFF  01,10
0040:  MOVFF  02,11
0044:  MOVFF  03,12
0048:  MOVFF  04,13
004C:  BTFSS  F9D.1
004E:  GOTO   0058
0052:  BTFSC  F9E.1
0054:  GOTO   00EE
0058:  MOVFF  0F,00
005C:  MOVFF  10,01
0060:  MOVFF  11,02
0064:  MOVFF  12,03
0068:  MOVFF  13,04
006C:  BSF    0E.7
006E:  MOVFF  0D,FE9
0072:  MOVFF  08,FEA
0076:  MOVFF  09,FE1
007A:  MOVFF  0A,FE2
007E:  MOVFF  0B,FD9
0082:  MOVFF  0C,FDA
0086:  MOVFF  14,FF3
008A:  MOVFF  15,FF4
008E:  MOVFF  16,FFA
0092:  MOVF   05,W
0094:  MOVFF  07,FE0
0098:  MOVFF  06,FD8
009C:  RETFIE 0
.................... //      Carte Alimentation 
.................... //      Version 1.0 - HDT - 04/04/2011 
.................... //      Version 1.1 - HDT - 21/04/2011 
.................... // 
....................  
.................... #include <18F2580.h> 
.................... //////// Standard Header file for the PIC18F2580 device //////////////// 
.................... #device PIC18F2580 
.................... #list 
....................  
.................... #include <can-18xxx8.c> 
.................... ///////////////////////////////////////////////////////////////////////// 
.................... ////                        can-18xxx8.c                             //// 
.................... //// CAN Library routines for Microchip's PIC18Cxx8 and 18Fxx8 line  //// 
.................... ////                                                                 //// 
.................... //// This library provides the following functions:                  //// 
.................... ////  (for more information on these functions see the comment       //// 
.................... ////   header above each function)                                   //// 
.................... ////                                                                 //// 
.................... ////    can_init - Configures the PIC18xxx8 CAN peripheral           //// 
.................... ////                                                                 //// 
.................... ////    can_set_baud - Sets the baud rate control registers          //// 
.................... ////                                                                 //// 
.................... ////    can_set_mode - Sets the CAN module into a specific mode      //// 
.................... ////                                                                 //// 
.................... ////    can_set_id - Sets the standard and extended ID               //// 
.................... ////                                                                 //// 
.................... ////    can_get_id - Gets the standard and extended ID               //// 
.................... ////                                                                 //// 
.................... ////    can_putd - Sends a message/request with specified ID         //// 
.................... ////                                                                 //// 
.................... ////    can_getd - Returns specifid message/request and ID           //// 
.................... ////                                                                 //// 
.................... ////    can_kbhit - Returns true if there is data in one of the      //// 
.................... ////                receive buffers                                  //// 
.................... ////                                                                 //// 
.................... ////    can_tbe - Returns true if the transmit buffer is ready to    //// 
.................... ////              send more data                                     //// 
.................... ////                                                                 //// 
.................... ////    can_abort - Aborts all pending transmissions                 //// 
.................... ////                                                                 //// 
.................... //// PIN_B3 is CANRX, and PIN_B2 is CANTX.  You will need a CAN      //// 
.................... //// transeiver to connect these pins to CANH and CANL bus lines.    //// 
.................... ////                                                                 //// 
.................... //// CCS provides an example, ex_can.c, which shows how to use this  //// 
.................... //// library.                                                        //// 
.................... ////                                                                 //// 
.................... ///////////////////////////////////////////////////////////////////////// 
.................... ////                                                                 //// 
.................... //// Version History                                                 //// 
.................... ////                                                                 //// 
.................... ////  Jul 27 04 - can_init() uses CAN_USE_EXTENDED_ID instead of     //// 
.................... ////              setting all RX filters to extended.                //// 
.................... ////                                                                 //// 
.................... ////  Feb 24 04 - can_get_id() fixed for EID<18:20>.                 //// 
.................... ////                                                                 //// 
.................... ///////////////////////////////////////////////////////////////////////// 
.................... ////        (C) Copyright 1996,2003 Custom Computer Services         //// 
.................... //// This source code may only be used by licensed users of the CCS  //// 
.................... //// C compiler.  This source code may only be distributed to other  //// 
.................... //// licensed users of the CCS C compiler.  No other use,            //// 
.................... //// reproduction or distribution is permitted without written       //// 
.................... //// permission.  Derivative programs created using this software    //// 
.................... //// in object code form are not restricted in any way.              //// 
.................... ///////////////////////////////////////////////////////////////////////// 
....................  
.................... #include <can-18xxx8.h> 
.................... ///////////////////////////////////////////////////////////////////////// 
.................... ////                        can-18xxx8.h                             //// 
.................... ////                                                                 //// 
.................... //// Prototypes, definitions, defines and macros used for and with   //// 
.................... //// the CCS CAN library for PIC18Fxx8 and PIC18Cxx8.                //// 
.................... ////                                                                 //// 
.................... //// (see can-18xxx8.c)                                              //// 
.................... ////                                                                 //// 
.................... ///////////////////////////////////////////////////////////////////////// 
.................... ////        (C) Copyright 1996,2003 Custom Computer Services         //// 
.................... //// This source code may only be used by licensed users of the CCS  //// 
.................... //// C compiler.  This source code may only be distributed to other  //// 
.................... //// licensed users of the CCS C compiler.  No other use,            //// 
.................... //// reproduction or distribution is permitted without written       //// 
.................... //// permission.  Derivative programs created using this software    //// 
.................... //// in object code form are not restricted in any way.              //// 
.................... ///////////////////////////////////////////////////////////////////////// 
....................  
.................... #ifndef __CCS_CAN18xxx8_LIB_DEFINES__ 
.................... #define __CCS_CAN18xxx8_LIB_DEFINES__ 
....................  
.................... #ifndef CAN_DO_DEBUG 
....................  #define CAN_DO_DEBUG FALSE 
.................... #endif 
....................  
.................... #IFNDEF CAN_USE_EXTENDED_ID 
....................   #define CAN_USE_EXTENDED_ID         TRUE 
.................... #ENDIF 
....................  
.................... #IFNDEF CAN_BRG_SYNCH_JUMP_WIDTH 
....................   #define CAN_BRG_SYNCH_JUMP_WIDTH  0  //synchronized jump width (def: 1 x Tq) 
.................... #ENDIF 
....................  
.................... #IFNDEF CAN_BRG_PRESCALAR 
....................   #define CAN_BRG_PRESCALAR  4  //baud rate generator prescalar (def: 4) ( Tq = (2 x (PRE + 1))/Fosc ) 
.................... #ENDIF 
....................  
.................... #ifndef CAN_BRG_SEG_2_PHASE_TS 
....................  #define CAN_BRG_SEG_2_PHASE_TS   TRUE //phase segment 2 time select bit (def: freely programmable) 
.................... #endif 
....................  
.................... #ifndef CAN_BRG_SAM 
....................  #define CAN_BRG_SAM 0 //sample of the can bus line (def: bus line is sampled 1 times prior to sample point) 
.................... #endif 
....................  
.................... #ifndef CAN_BRG_PHASE_SEGMENT_1 
....................  #define CAN_BRG_PHASE_SEGMENT_1  5 //phase segment 1 (def: 6 x Tq) 
.................... #endif 
....................  
.................... #ifndef CAN_BRG_PROPAGATION_TIME 
....................  #define CAN_BRG_PROPAGATION_TIME 2 //propagation time select (def: 3 x Tq) 
.................... #endif 
....................  
.................... #ifndef CAN_BRG_WAKE_FILTER 
....................  #define CAN_BRG_WAKE_FILTER FALSE   //selects can bus line filter for wake up bit 
.................... #endif 
....................  
.................... #ifndef CAN_BRG_PHASE_SEGMENT_2 
....................  #define CAN_BRG_PHASE_SEGMENT_2 5 //phase segment 2 time select (def: 6 x Tq) 
.................... #endif 
....................  
.................... #ifndef CAN_USE_RX_DOUBLE_BUFFER 
....................  #define CAN_USE_RX_DOUBLE_BUFFER TRUE   //if buffer 0 overflows, do NOT use buffer 1 to put buffer 0 data 
.................... #endif 
....................  
.................... #ifndef CAN_ENABLE_DRIVE_HIGH 
....................  #define CAN_ENABLE_DRIVE_HIGH 0 
.................... #endif 
....................  
.................... #ifndef CAN_ENABLE_CAN_CAPTURE 
....................  #define CAN_ENABLE_CAN_CAPTURE 0 
.................... #endif 
....................  
.................... enum CAN_OP_MODE {CAN_OP_CONFIG=4, CAN_OP_LISTEN=3, CAN_OP_LOOPBACK=2, CAN_OP_DISABLE=1, CAN_OP_NORMAL=0}; 
.................... enum CAN_WIN_ADDRESS {CAN_WIN_RX0=0, CAN_WIN_RX1=5, CAN_WIN_TX0=4, CAN_WIN_TX1=3, CAN_WIN_TX2=2}; 
....................  
.................... //can control 
.................... struct { 
.................... 	int1 void0; //0 
.................... 	CAN_WIN_ADDRESS win:3;	//1:3 //window address bits 
.................... 	int1 abat;	//4 //abort all pending transmissions 
.................... 	CAN_OP_MODE reqop:3;	//5:7	//request can operation mode bits 
.................... } CANCON; 
.................... #byte CANCON = 0xF6F 
....................  
....................  
.................... enum CAN_INT_CODE {CAN_INT_WAKEUP=7, CAN_INT_RX0=6, CAN_INT_RX1=5, CAN_INT_TX0=4, CAN_INT_TX1=3, CAN_INT_TX2=2, CAN_INT_ERROR=1, CAN_INT_NO=0}; 
....................  
.................... //can status register READ-ONLY 
.................... struct { 
.................... 	int1 void0;	//0 
.................... 	CAN_INT_CODE icode:3;	//1:3	//interrupt code 
.................... 	int1 void4;	//4 
.................... 	CAN_OP_MODE opmode:3;	//5:7	//operation mode status 
.................... } CANSTAT; 
.................... #byte CANSTAT = 0xF6E 
....................  
.................... //communication status register READ-ONLY 
.................... struct { 
.................... 	int1 ewarn;		//0 //error warning 
.................... 	int1 rxwarn;		//1 //receiver warning 
.................... 	int1 txwarn;		//2 //transmitter warning 
.................... 	int1 rxbp;	//3 //receiver bus passive 
.................... 	int1 txbp;	//4 //transmitter bus passive bit 
.................... 	int1 txbo;	//5	//transmitter bus off 
.................... 	int1 rx1ovfl;	//6	//receive buffer 1 overflow 
.................... 	int1 rx0ovfl;	//7	//receive buffer 0 overflow 
.................... } COMSTAT; 
.................... #byte COMSTAT=0xF74 
....................  
.................... //baud rate control register 1 
.................... struct { 
.................... 	int brp:6;	//0:5	//baud rate prescalar 
.................... 	int sjw:2;	//6:7	//synchronized jump width 
.................... } BRGCON1; 
.................... #byte BRGCON1=0xF70 
....................  
.................... //baud rate control register 2 
.................... struct { 
.................... 	int prseg:3; //0:2 //propagation time select 
.................... 	int seg1ph:3; //3:5 //phase segment 1 
.................... 	int1 sam; //6 //sample of the can bus line 
.................... 	int1 seg2phts; //7 //phase segment 2 time select 
.................... } BRGCON2; 
.................... #byte BRGCON2=0xF71 
....................  
.................... //baud rate control register 3 
.................... struct { 
.................... 	int seg2ph:3;	//0:2	//phase segment 2 time select 
.................... 	int void543:3;	//3:5 
.................... 	int1 wakfil;	//6 //selects can bus line filter for wake-up 
.................... 	int1 void7;	//7 
.................... } BRGCON3; 
.................... #byte BRGCON3=0xF72 
....................  
.................... //can i/o control register 
.................... struct { 
.................... 	int void3210:4;	//0:3 
.................... 	int1 cancap;	//4 //can message receive caputre 
.................... 	int1 endrhi;	//5 //enable drive high 
.................... 	int void76:2;	//6:7 
.................... } CIOCON; 
.................... #byte CIOCON=0xF73 
....................  
.................... //transmit buffer n control register 
.................... struct txbNcon_struct { 
.................... 	int  txpri:2;	//0:1	//transmit priority bits 
.................... 	int1 void2; //2 
.................... 	int1 txreq;	//3	//transmit request status (clear to request message abort) 
.................... 	int1 txerr;	//4	//transmission error detected 
.................... 	int1 txlarb;	//5	//transmission lost arbitration status 
.................... 	int1 txabt;	//6	//transmission aborted status 
.................... 	int1 void7; 
.................... }; 
.................... struct txbNcon_struct TXB0CON; 
.................... struct txbNcon_struct TXB1CON; 
.................... struct txbNcon_struct TXB2CON; 
.................... struct txbNcon_struct TXBaCON; 
.................... #byte	TXB0CON=0xF40 
.................... #byte	TXB1CON=0xF30 
.................... #byte	TXB2CON=0xF20 
.................... #byte TXBaCON=0xF60 //txbXcon when in the access bank 
....................  
....................  
.................... //transmit buffer n standard identifier 
.................... #byte TXB0SIDH=0xF41 
.................... #byte TXB0SIDL=0xF42 
.................... #byte TXB1SIDH=0xF31 
.................... #byte TXB1SIDL=0xF32 
.................... #byte TXB2SIDH=0xF21 
.................... #byte TXB2SIDL=0xF22 
....................  
.................... //transmit buffer n extended identifier 
.................... #byte TXB0EIDH=0xF43 
.................... #byte TXB0EIDL=0xF44 
.................... #byte TXB1EIDH=0xF33 
.................... #byte TXB1EIDL=0xF34 
.................... #byte TXB2EIDH=0xF23 
.................... #byte TXB2EIDL=0xF24 
....................  
.................... #define RX0MASK      0xF1B    //rxm0eidl 
.................... #define RX1MASK      0xF1F    //rxm1eidl 
.................... #define RX0FILTER0   0xF03    //rxf0eidl 
.................... #define RX0FILTER1   0xF07    //rxf1eidl 
.................... #define RX1FILTER2   0xF0B    //rxf2eidl 
.................... #define RX1FILTER3   0xF0F    //rxf3eidl 
.................... #define RX1FILTER4   0xF13    //rxf4eidl 
.................... #define RX1FILTER5   0xF17    //rxf5eidl 
.................... #define RXB0ID       0xF64    //rxb0eidl 
.................... #define RXB1ID       0xF54    //rxb1eidl 
.................... #define TXB0ID       0xF44    //txb0eidl 
.................... #define TXB1ID       0xF34    //txb1eidl 
.................... #define TXB2ID       0xF24    //tsb2eidl 
.................... #define TXRXBaID     0xF64 
....................  
.................... //transmit buffer n data byte m 
.................... #byte TXB0D0=0xF46 
.................... #byte TXB0D7=0xF4D 
.................... #byte TXB1D0=0xF36 
.................... #byte TXB1D7=0xF3D 
.................... #byte TXB2D0=0xF26 
.................... #byte TXB2D7=0xF2D 
....................  
.................... //transmit buffer n data length 
.................... struct txbNdlc_struct { 
.................... 	int dlc:4;	//0:3 
.................... 	int void54:2; //4:5 
.................... 	int1 rtr; //6 //transmission frame remote tranmission 
.................... 	int1 void7; //7 
.................... }; 
.................... struct txbNdlc_struct TXB0DLC; 
.................... struct txbNdlc_struct TXB1DLC; 
.................... struct txbNdlc_struct TXB2DLC; 
.................... struct txbNdlc_struct TXBaDLC; 
.................... #byte TXB0DLC=0xF45 
.................... #byte TXB1DLC=0xF35 
.................... #byte TXB2DLC=0xF25 
.................... #byte TXBaDLC=0xF65  //txbXdlc when in the access bank 
....................  
....................  
.................... //transmit error count register 
.................... #byte TXERRCNT=0xF76 
....................  
....................  
.................... enum CAN_RX_MODE {CAN_RX_ALL=3, CAN_RX_EXT=2, CAN_RX_STD=1, CAN_RX_VALID=0}; 
....................  
.................... //receive buffer 0 control register 
.................... struct { 
.................... 	int1 filthit0;	//0 //filter hit 
.................... 	int1 jtoff;	//1 //jump table offset 
.................... 	int1 rxb0dben;	//2 //receive buffer 0 double buffer enable 
.................... 	int1 rxrtrro;	//3 //receive remote transfer request 
.................... 	int1 void4;	//4 
.................... 	CAN_RX_MODE rxm:2;	//5:6 //receiver buffer mode 
.................... 	int1 rxful;	//7 //receive full status 
.................... } RXB0CON; 
.................... #byte RXB0CON=0xF60 
....................  
.................... //receive buffer 1 control register 
.................... struct { 
.................... 	int filthit:3;	//0:2 
.................... 	int1 rxrtrro;	//3 //receive remote transfer request 
.................... 	int1 void4;	//4 
.................... 	CAN_RX_MODE rxm:2;	//5:6 //receive buffer mode 
.................... 	int1 rxful;	//7	//receive full 
.................... } RXB1CON; 
.................... #byte	RXB1CON=0xF50 
....................  
....................  
.................... //receive buffer n standard identifier 
.................... #byte	RXB0SIDH=0xF61 
.................... #byte	RXB0SIDL=0xF62 
.................... #byte	RXB1SIDH=0xF51 
.................... #byte	RXB1SIDL=0xF52 
....................  
.................... //receive buffer n extended identifier 
.................... #byte	RXB0EIDH=0xF63 
.................... #byte	RXB0EIDL=0xF64 
.................... #byte	RXB1EIDH=0xF53 
.................... #byte	RXB1EIDL=0xF54 
....................  
.................... #byte TXRXBaEIDL=0xF64 
....................  
.................... struct { 
....................    int void012:3; //0:3 
....................    int1 ext;   //extendid id 
....................    int1 srr;   //substitute remove request bit 
....................    int void567:3; //5:7 
.................... } TXRXBaSIDL; 
.................... #byte TXRXBaSIDL=0xF62 
....................  
.................... //receive buffer n data length code register 
.................... struct rxbNdlc_struct { 
.................... 	int dlc:4;	//0:3 //data length code 
.................... 	int1 rb0; //4 //reserved 
.................... 	int1 rb1;	//5 //reserved 
.................... 	int1 rtr;	//6 //receiver remote transmission request bit 
.................... 	int1 void7;	//7 
.................... }; 
.................... struct rxbNdlc_struct RXB0DLC; 
.................... struct rxbNdlc_struct RXB1DLC; 
.................... struct rxbNdlc_struct RXBaDLC; 
.................... #byte	RXB0DLC=0xF65 
.................... #byte	RXB1DLC=0xF55 
.................... #byte	RXBaDLC=0xF65 
....................  
.................... //receive buffer n data field byte m register 
.................... #byte RXB0D0=0xF66 
.................... #byte RXB0D7=0xF6D 
.................... #byte TXRXBaD0=0xF66 
.................... #byte TXRXBaD7=0xF6D 
....................  
.................... //receive error count 
.................... #byte RXERRCNT=0xF75 
....................  
.................... //receive acceptance filter n standard indifier 
.................... #byte RXF0SIDH=0xF00 
.................... #byte RXF0SIDL=0xF01 
.................... #byte RXF1SIDH=0xF04 
.................... #byte RXF1SIDL=0xF05 
.................... #byte RXF2SIDH=0xF08 
.................... #byte RXF2SIDL=0xF09 
.................... #byte RXF3SIDH=0xF0C 
.................... #byte RXF3SIDL=0xF0D 
.................... #byte RXF4SIDH=0xF10 
.................... #byte RXF4SIDL=0xF11 
.................... #byte RXF5SIDH=0xF14 
.................... #byte RXF5SIDL=0xF15 
....................  
.................... //receive acceptance filter n extended indifier 
.................... #byte RXF0EIDH=0xF02 
.................... #byte RXF0EIDL=0xF03 
.................... #byte RXF1EIDH=0xF06 
.................... #byte RXF1EIDL=0xF07 
.................... #byte RXF2EIDH=0xF0A 
.................... #byte RXF2EIDL=0xF0B 
.................... #byte RXF3EIDH=0xF0E 
.................... #byte RXF3EIDL=0xF0F 
.................... #byte RXF4EIDH=0xF12 
.................... #byte RXF4EIDL=0xF13 
.................... #byte RXF5EIDH=0xF16 
.................... #byte RXF5EIDL=0xF17 
....................  
.................... //receive acceptance mask n standard identifer mask 
.................... #byte RXM0SIDH=0xF18 
.................... #byte RXM0SIDL=0xF19 
.................... #byte RXM1SIDH=0xF1C 
.................... #byte RXM1SIDL=0xF1D 
....................  
.................... //receive acceptance mask n extended identifer mask 
.................... #byte RXM0EIDH=0xF1A 
.................... #byte RXM0EIDL=0xF1B 
.................... #byte RXM1EIDH=0xF1E 
.................... #byte RXM1EIDL=0xF1F 
....................  
.................... //value to put in mask field to accept all incoming id's 
.................... #define CAN_MASK_ACCEPT_ALL   0 
....................  
.................... //can interrupt flags 
.................... #bit CAN_INT_IRXIF = 0xFA4.7 
.................... #bit CAN_INT_WAKIF = 0xFA4.6 
.................... #bit CAN_INT_ERRIF = 0xFA4.5 
.................... #bit CAN_INT_TXB2IF = 0xFA4.4 
.................... #bit CAN_INT_TXB1IF = 0xFA4.3 
.................... #bit CAN_INT_TXB0IF = 0xFA4.2 
.................... #bit CAN_INT_RXB1IF = 0xFA4.1 
.................... #bit CAN_INT_RXB0IF = 0xFA4.0 
....................  
.................... //PROTOTYPES 
....................  
.................... struct rx_stat { 
....................    int1 err_ovfl; 
....................    int filthit:3; 
....................    int1 buffer; 
....................    int1 rtr; 
....................    int1 ext; 
....................    int1 inv; 
.................... }; 
....................  
.................... void  can_init(void); 
.................... void  can_set_baud(void); 
.................... void  can_set_mode(CAN_OP_MODE mode); 
.................... void  can_set_id(int* addr, int32 id, int1 ext); 
.................... int32 can_get_id(int * addr, int1 ext); 
.................... int   can_putd(int32 id, int * data, int len, int priority, int1 ext, int1 rtr); 
.................... int1  can_getd(int32 & id, int * data, int & len, struct rx_stat & stat); 
....................  
.................... #endif 
....................  
....................  
.................... #if CAN_DO_DEBUG 
....................  #define can_debug printf 
.................... #else 
....................  #define can_debug 
.................... #endif 
....................  
....................  
.................... //macros 
.................... #define can_kbhit()                 (RXB0CON.rxful || RXB1CON.rxful) 
.................... #define can_tbe()                   (!TXB0CON.txreq || !TXB1CON.txreq || !TXB2CON.txreq) 
.................... #define can_abort()                 (CANCON.abat=1) 
....................  
....................  
.................... //////////////////////////////////////////////////////////////////////// 
.................... // 
.................... // can_init() 
.................... // 
.................... // Initializes PIC18xxx8 CAN peripheral.  Sets the RX filter and masks so the 
.................... // CAN peripheral will receive all incoming IDs.  Configures both RX buffers 
.................... // to only accept valid valid messages (as opposed to all messages, or all 
.................... // extended message, or all standard messages).  Also sets the tri-state 
.................... // setting of B2 to output, and B3 to input (apparently the CAN peripheral 
.................... // doesn't keep track of this) 
.................... // 
.................... // The constants (CAN_USE_RX_DOUBLE_BUFFER, CAN_ENABLE_DRIVE_HIGH, 
.................... // CAN_ENABLE_CAN_CAPTURE) are given a default define in the can-18xxx8.h file. 
.................... // These default values can be overwritten in the main code, but most 
.................... // applications will be fine with these defaults. 
.................... // 
.................... ////////////////////////////////////////////////////////////////////////////// 
.................... void can_init(void) { 
....................    can_set_mode(CAN_OP_CONFIG);   //must be in config mode before params can be set 
*
027A:  MOVLW  04
027C:  MOVWF  1F
027E:  RCALL  00FA
....................    can_set_baud(); 
0280:  RCALL  011C
....................  
....................    RXB0CON=0; 
0282:  CLRF   F60
....................    RXB0CON.rxm=CAN_RX_VALID; 
0284:  MOVLW  9F
0286:  ANDWF  F60,W
0288:  MOVWF  F60
....................    RXB0CON.rxb0dben=CAN_USE_RX_DOUBLE_BUFFER; 
028A:  BSF    F60.2
....................    RXB1CON=RXB0CON; 
028C:  MOVFF  F60,F50
....................  
....................    CIOCON.endrhi=CAN_ENABLE_DRIVE_HIGH; 
0290:  BCF    F73.5
....................    CIOCON.cancap=CAN_ENABLE_CAN_CAPTURE; 
0292:  BCF    F73.4
....................  
....................    can_set_id(RX0MASK, CAN_MASK_ACCEPT_ALL, CAN_USE_EXTENDED_ID);  //set mask 0 
0294:  MOVLW  0F
0296:  MOVWF  2E
0298:  MOVLW  1B
029A:  MOVWF  2D
029C:  CLRF   32
029E:  CLRF   31
02A0:  CLRF   30
02A2:  CLRF   2F
02A4:  MOVLW  01
02A6:  MOVWF  33
02A8:  RCALL  014A
....................    can_set_id(RX0FILTER0, 0, CAN_USE_EXTENDED_ID);  //set filter 0 of mask 0 
02AA:  MOVLW  0F
02AC:  MOVWF  2E
02AE:  MOVLW  03
02B0:  MOVWF  2D
02B2:  CLRF   32
02B4:  CLRF   31
02B6:  CLRF   30
02B8:  CLRF   2F
02BA:  MOVLW  01
02BC:  MOVWF  33
02BE:  RCALL  014A
....................    can_set_id(RX0FILTER1, 0, CAN_USE_EXTENDED_ID);  //set filter 1 of mask 0 
02C0:  MOVLW  0F
02C2:  MOVWF  2E
02C4:  MOVLW  07
02C6:  MOVWF  2D
02C8:  CLRF   32
02CA:  CLRF   31
02CC:  CLRF   30
02CE:  CLRF   2F
02D0:  MOVLW  01
02D2:  MOVWF  33
02D4:  RCALL  014A
....................  
....................    can_set_id(RX1MASK, CAN_MASK_ACCEPT_ALL, CAN_USE_EXTENDED_ID);  //set mask 1 
02D6:  MOVLW  0F
02D8:  MOVWF  2E
02DA:  MOVLW  1F
02DC:  MOVWF  2D
02DE:  CLRF   32
02E0:  CLRF   31
02E2:  CLRF   30
02E4:  CLRF   2F
02E6:  MOVLW  01
02E8:  MOVWF  33
02EA:  RCALL  014A
....................    can_set_id(RX1FILTER2, 0, CAN_USE_EXTENDED_ID);  //set filter 0 of mask 1 
02EC:  MOVLW  0F
02EE:  MOVWF  2E
02F0:  MOVLW  0B
02F2:  MOVWF  2D
02F4:  CLRF   32
02F6:  CLRF   31
02F8:  CLRF   30
02FA:  CLRF   2F
02FC:  MOVLW  01
02FE:  MOVWF  33
0300:  RCALL  014A
....................    can_set_id(RX1FILTER3, 0, CAN_USE_EXTENDED_ID);  //set filter 1 of mask 1 
0302:  MOVLW  0F
0304:  MOVWF  2E
0306:  MOVWF  2D
0308:  CLRF   32
030A:  CLRF   31
030C:  CLRF   30
030E:  CLRF   2F
0310:  MOVLW  01
0312:  MOVWF  33
0314:  RCALL  014A
....................    can_set_id(RX1FILTER4, 0, CAN_USE_EXTENDED_ID);  //set filter 2 of mask 1 
0316:  MOVLW  0F
0318:  MOVWF  2E
031A:  MOVLW  13
031C:  MOVWF  2D
031E:  CLRF   32
0320:  CLRF   31
0322:  CLRF   30
0324:  CLRF   2F
0326:  MOVLW  01
0328:  MOVWF  33
032A:  RCALL  014A
....................    can_set_id(RX1FILTER5, 0, CAN_USE_EXTENDED_ID);  //set filter 3 of mask 1 
032C:  MOVLW  0F
032E:  MOVWF  2E
0330:  MOVLW  17
0332:  MOVWF  2D
0334:  CLRF   32
0336:  CLRF   31
0338:  CLRF   30
033A:  CLRF   2F
033C:  MOVLW  01
033E:  MOVWF  33
0340:  RCALL  014A
....................  
....................    set_tris_b((*0xF93 & 0xFB ) | 0x08);   //b3 is out, b2 is in 
0342:  MOVF   F93,W
0344:  ANDLW  FB
0346:  IORLW  08
0348:  MOVWF  F93
....................  
....................    can_set_mode(CAN_OP_NORMAL); 
034A:  CLRF   1F
034C:  RCALL  00FA
.................... } 
034E:  GOTO   044E (RETURN)
....................  
.................... //////////////////////////////////////////////////////////////////////// 
.................... // 
.................... // can_set_baud() 
.................... // 
.................... // Configures the baud rate control registers.  All the defines here 
.................... // are defaulted in the can-18xxx8.h file.  These defaults can, and 
.................... // probably should, be overwritten in the main code. 
.................... // 
.................... // Current defaults are set to work with Microchip's MCP250xxx CAN 
.................... // Developers Kit if this PIC is running at 20Mhz. 
.................... // 
.................... //////////////////////////////////////////////////////////////////////// 
.................... void can_set_baud(void) { 
....................    BRGCON1.brp=CAN_BRG_PRESCALAR; 
*
011C:  MOVLW  C0
011E:  ANDWF  F70,W
0120:  IORLW  04
0122:  MOVWF  F70
....................    BRGCON1.sjw=CAN_BRG_SYNCH_JUMP_WIDTH; 
0124:  MOVLW  3F
0126:  ANDWF  F70,W
0128:  MOVWF  F70
....................  
....................    BRGCON2.prseg=CAN_BRG_PROPAGATION_TIME; 
012A:  MOVLW  F8
012C:  ANDWF  F71,W
012E:  IORLW  02
0130:  MOVWF  F71
....................    BRGCON2.seg1ph=CAN_BRG_PHASE_SEGMENT_1; 
0132:  MOVLW  C7
0134:  ANDWF  F71,W
0136:  IORLW  28
0138:  MOVWF  F71
....................    BRGCON2.sam=CAN_BRG_SAM; 
013A:  BCF    F71.6
....................    BRGCON2.seg2phts=CAN_BRG_SEG_2_PHASE_TS; 
013C:  BSF    F71.7
....................  
....................    BRGCON3.seg2ph=CAN_BRG_PHASE_SEGMENT_2; 
013E:  MOVLW  F8
0140:  ANDWF  F72,W
0142:  IORLW  05
0144:  MOVWF  F72
....................    BRGCON3.wakfil=CAN_BRG_WAKE_FILTER; 
0146:  BCF    F72.6
.................... } 
0148:  RETLW  00
....................  
.................... void can_set_mode(CAN_OP_MODE mode) { 
....................    CANCON.reqop=mode; 
*
00FA:  SWAPF  1F,W
00FC:  ANDLW  70
00FE:  MOVWF  00
0100:  BCF    FD8.0
0102:  RLCF   00,F
0104:  MOVLW  1F
0106:  ANDWF  F6F,W
0108:  IORWF  00,W
010A:  MOVWF  F6F
....................    while( (CANSTAT.opmode) != mode ); 
010C:  MOVFF  F6E,00
0110:  SWAPF  00,F
0112:  RRCF   00,W
0114:  ANDLW  07
0116:  SUBWF  1F,W
0118:  BNZ   010C
.................... } 
011A:  RETLW  00
....................  
....................  
.................... //////////////////////////////////////////////////////////////////////// 
.................... // 
.................... // can_set_id() 
.................... // 
.................... // Configures the xxxxEIDL, xxxxEIDH, xxxxSIDL and xxxxSIDH registers to 
.................... // configure the defined buffer to use the specified ID 
.................... // 
.................... //   Paramaters: 
.................... //     addr - pointer to first byte of ID register, starting with xxxxEIDL. 
.................... //            For example, a pointer to RXM1EIDL 
.................... //     id - ID to set buffer to 
.................... //     ext - Set to TRUE if this buffer uses an extended ID, FALSE if not 
.................... // 
.................... //////////////////////////////////////////////////////////////////////// 
.................... void can_set_id(int* addr, int32 id, int1 ext) { 
....................    int *ptr; 
....................  
....................    ptr=addr; 
*
014A:  MOVFF  2E,35
014E:  MOVFF  2D,34
....................  
....................    if (ext) {  //extended 
0152:  MOVF   33,F
0154:  BZ    01FA
....................       //eidl 
....................       *ptr=make8(id,0); //0:7 
0156:  MOVFF  34,FE9
015A:  MOVFF  35,FEA
015E:  MOVFF  2F,FEF
....................  
....................       //eidh 
....................       ptr--; 
0162:  MOVF   34,W
0164:  BTFSC  FD8.2
0166:  DECF   35,F
0168:  DECF   34,F
....................       *ptr=make8(id,1); //8:15 
016A:  MOVFF  34,FE9
016E:  MOVFF  35,FEA
0172:  MOVFF  30,FEF
....................  
....................       //sidl 
....................       ptr--; 
0176:  MOVF   34,W
0178:  BTFSC  FD8.2
017A:  DECF   35,F
017C:  DECF   34,F
....................       *ptr=make8(id,2) & 0x03;   //16:17 
017E:  MOVFF  34,FE9
0182:  MOVFF  35,FEA
0186:  MOVF   31,W
0188:  ANDLW  03
018A:  MOVWF  FEF
....................       *ptr|=(make8(id,2) << 3) & 0xE0; //18:20 
018C:  MOVFF  34,FE9
0190:  MOVFF  35,FEA
0194:  MOVFF  31,00
0198:  RLCF   00,F
019A:  RLCF   00,F
019C:  RLCF   00,F
019E:  MOVLW  F8
01A0:  ANDWF  00,F
01A2:  MOVF   00,W
01A4:  ANDLW  E0
01A6:  IORWF  FEF,W
01A8:  MOVWF  FEF
....................       *ptr|=0x08; 
01AA:  MOVFF  34,FE9
01AE:  MOVFF  35,FEA
01B2:  MOVF   FEF,W
01B4:  IORLW  08
01B6:  MOVWF  FEF
....................  
....................  
....................       //sidh 
....................       ptr--; 
01B8:  MOVF   34,W
01BA:  BTFSC  FD8.2
01BC:  DECF   35,F
01BE:  DECF   34,F
....................       *ptr=((make8(id,2) >> 5) & 0x07 ); //21:23 
01C0:  MOVFF  34,FE9
01C4:  MOVFF  35,FEA
01C8:  MOVFF  31,00
01CC:  SWAPF  00,F
01CE:  RRCF   00,F
01D0:  MOVLW  07
01D2:  ANDWF  00,F
01D4:  MOVF   00,W
01D6:  ANDLW  07
01D8:  MOVWF  FEF
....................       *ptr|=((make8(id,3) << 3) & 0xF8);//24:28 
01DA:  MOVFF  34,FE9
01DE:  MOVFF  35,FEA
01E2:  MOVFF  32,00
01E6:  RLCF   00,F
01E8:  RLCF   00,F
01EA:  RLCF   00,F
01EC:  MOVLW  F8
01EE:  ANDWF  00,F
01F0:  MOVF   00,W
01F2:  ANDLW  F8
01F4:  IORWF  FEF,W
01F6:  MOVWF  FEF
....................    } 
....................    else {   //standard 
01F8:  BRA    0278
....................       //eidl 
....................       *ptr=0; 
01FA:  MOVFF  34,FE9
01FE:  MOVFF  35,FEA
0202:  CLRF   FEF
....................  
....................       //eidh 
....................       ptr--; 
0204:  MOVF   34,W
0206:  BTFSC  FD8.2
0208:  DECF   35,F
020A:  DECF   34,F
....................       *ptr=0; 
020C:  MOVFF  34,FE9
0210:  MOVFF  35,FEA
0214:  CLRF   FEF
....................  
....................       //sidl 
....................       ptr--; 
0216:  MOVF   34,W
0218:  BTFSC  FD8.2
021A:  DECF   35,F
021C:  DECF   34,F
....................       *ptr=(make8(id,0) << 5) & 0xE0; 
021E:  MOVFF  34,FE9
0222:  MOVFF  35,FEA
0226:  MOVFF  2F,00
022A:  SWAPF  00,F
022C:  RLCF   00,F
022E:  MOVLW  E0
0230:  ANDWF  00,F
0232:  MOVF   00,W
0234:  ANDLW  E0
0236:  MOVWF  FEF
....................  
....................       //sidh 
....................       ptr--; 
0238:  MOVF   34,W
023A:  BTFSC  FD8.2
023C:  DECF   35,F
023E:  DECF   34,F
....................       *ptr=(make8(id,0) >> 3) & 0x1F; 
0240:  MOVFF  34,FE9
0244:  MOVFF  35,FEA
0248:  MOVFF  2F,00
024C:  RRCF   00,F
024E:  RRCF   00,F
0250:  RRCF   00,F
0252:  MOVLW  1F
0254:  ANDWF  00,F
0256:  MOVF   00,W
0258:  ANDLW  1F
025A:  MOVWF  FEF
....................       *ptr|=(make8(id,1) << 5) & 0xE0; 
025C:  MOVFF  34,FE9
0260:  MOVFF  35,FEA
0264:  MOVFF  30,00
0268:  SWAPF  00,F
026A:  RLCF   00,F
026C:  MOVLW  E0
026E:  ANDWF  00,F
0270:  MOVF   00,W
0272:  ANDLW  E0
0274:  IORWF  FEF,W
0276:  MOVWF  FEF
....................    } 
.................... } 
0278:  RETLW  00
....................  
.................... //////////////////////////////////////////////////////////////////////// 
.................... // 
.................... // can_get_id() 
.................... // 
.................... // Returns the ID of the specified buffer.  (The opposite of can_set_id()) 
.................... // This is used after receiving a message, to see which ID sent the message. 
.................... // 
.................... //   Paramaters: 
.................... //     addr - pointer to first byte of ID register, starting with xxxxEIDL. 
.................... //            For example, a pointer to RXM1EIDL 
.................... //     ext - Set to TRUE if this buffer uses an extended ID, FALSE if not 
.................... // 
.................... //   Returns: 
.................... //     The ID of the buffer 
.................... // 
.................... //////////////////////////////////////////////////////////////////////// 
.................... int32 can_get_id(int * addr, int1 ext) { 
....................    int32 ret; 
....................    int * ptr; 
....................  
....................    ret=0; 
....................    ptr=addr; 
....................  
....................    if (ext) { 
....................       ret=*ptr;  //eidl 
....................  
....................       ptr--;     //eidh 
....................       ret|=((int32)*ptr << 8); 
....................  
....................       ptr--;     //sidl 
....................       ret|=((int32)*ptr & 0x03) << 16; 
....................       ret|=((int32)*ptr & 0xE0) << 13; 
....................  
....................       ptr--;     //sidh 
....................       ret|=((int32)*ptr << 21); 
....................  
....................    } 
....................    else { 
....................       ptr-=2;    //sidl 
....................       ret=((int32)*ptr & 0xE0) >> 5; 
....................  
....................       ptr--;     //sidh 
....................       ret|=((int32)*ptr << 3); 
....................    } 
....................  
....................    return(ret); 
.................... } 
....................  
.................... //////////////////////////////////////////////////////////////////////// 
.................... // 
.................... // can_putd() 
.................... // 
.................... // Puts data on a transmit buffer, at which time the CAN peripheral will 
.................... // send when the CAN bus becomes available. 
.................... // 
.................... //    Paramaters: 
.................... //       id - ID to transmit data as 
.................... //       data - pointer to data to send 
.................... //       len - length of data to send 
.................... //       priority - priority of message.  The higher the number, the 
.................... //                  sooner the CAN peripheral will send the message. 
.................... //                  Numbers 0 through 3 are valid. 
.................... //       ext - TRUE to use an extended ID, FALSE if not 
.................... //       rtr - TRUE to set the RTR (request) bit in the ID, false if NOT 
.................... // 
.................... //    Returns: 
.................... //       If successful, it will return TRUE 
.................... //       If un-successful, will return FALSE 
.................... // 
.................... //////////////////////////////////////////////////////////////////////// 
.................... int1 can_putd(int32 id, int * data, int len, int priority, int1 ext, int1 rtr) { 
....................    int i; 
....................    int * txd0; 
....................    int port; 
....................  
....................    txd0=&TXRXBaD0; 
*
0352:  MOVLW  0F
0354:  MOVWF  2B
0356:  MOVLW  66
0358:  MOVWF  2A
....................  
....................     // find emtpy transmitter 
....................     //map access bank addresses to empty transmitter 
....................    if (!TXB0CON.txreq) { 
035A:  MOVLB  F
035C:  BTFSC  x40.3
035E:  BRA    036C
....................       CANCON.win=CAN_WIN_TX0; 
0360:  MOVLW  F1
0362:  ANDWF  F6F,W
0364:  IORLW  08
0366:  MOVWF  F6F
....................       port=0; 
0368:  CLRF   2C
....................    } 
....................    else if (!TXB1CON.txreq) { 
036A:  BRA    0396
036C:  BTFSC  x30.3
036E:  BRA    037E
....................       CANCON.win=CAN_WIN_TX1; 
0370:  MOVLW  F1
0372:  ANDWF  F6F,W
0374:  IORLW  06
0376:  MOVWF  F6F
....................       port=1; 
0378:  MOVLW  01
037A:  MOVWF  2C
....................    } 
....................    else if (!TXB2CON.txreq) { 
037C:  BRA    0396
037E:  BTFSC  x20.3
0380:  BRA    0390
....................       CANCON.win=CAN_WIN_TX2; 
0382:  MOVLW  F1
0384:  ANDWF  F6F,W
0386:  IORLW  04
0388:  MOVWF  F6F
....................       port=2; 
038A:  MOVLW  02
038C:  MOVWF  2C
....................    } 
....................    else { 
038E:  BRA    0396
....................       #if CAN_DO_DEBUG 
....................          can_debug("\r\nCAN_PUTD() FAIL: NO OPEN TX BUFFERS\r\n"); 
....................       #endif 
....................       return(0); 
0390:  MOVLW  00
0392:  MOVWF  01
0394:  BRA    040C
....................    } 
....................  
....................    //set priority. 
....................    TXBaCON.txpri=priority; 
0396:  MOVF   26,W
0398:  ANDLW  03
039A:  MOVWF  00
039C:  MOVLW  FC
039E:  ANDWF  F60,W
03A0:  IORWF  00,W
03A2:  MOVWF  F60
....................  
....................    //set tx mask 
....................    can_set_id(TXRXBaID, id, ext); 
03A4:  MOVLW  0F
03A6:  MOVWF  2E
03A8:  MOVLW  64
03AA:  MOVWF  2D
03AC:  MOVFF  22,32
03B0:  MOVFF  21,31
03B4:  MOVFF  20,30
03B8:  MOVFF  1F,2F
03BC:  MOVFF  27,33
03C0:  MOVLB  0
03C2:  RCALL  014A
....................  
....................    //set tx data count 
....................    TXBaDLC=len; 
03C4:  MOVFF  25,F65
....................    TXBaDLC.rtr=rtr; 
03C8:  BCF    F65.6
03CA:  BTFSC  28.0
03CC:  BSF    F65.6
....................  
....................     for (i=0; i<len; i++) { 
03CE:  CLRF   29
03D0:  MOVF   25,W
03D2:  SUBWF  29,W
03D4:  BC    03FE
....................       *txd0=*data; 
03D6:  MOVFF  23,FE9
03DA:  MOVFF  24,FEA
03DE:  MOVFF  FEF,2F
03E2:  MOVFF  2B,FEA
03E6:  MOVFF  2A,FE9
03EA:  MOVFF  2F,FEF
....................       txd0++; 
03EE:  INCF   2A,F
03F0:  BTFSC  FD8.2
03F2:  INCF   2B,F
....................       data++; 
03F4:  INCF   23,F
03F6:  BTFSC  FD8.2
03F8:  INCF   24,F
....................     } 
03FA:  INCF   29,F
03FC:  BRA    03D0
....................  
....................    //enable transmission 
....................    TXBaCON.txreq=1; 
03FE:  BSF    F60.3
....................  
....................    CANCON.win=CAN_WIN_RX0; 
0400:  MOVLW  F1
0402:  ANDWF  F6F,W
0404:  MOVWF  F6F
....................  
....................    #if CAN_DO_DEBUG 
....................             can_debug("\r\nCAN_PUTD(): BUFF=%U ID=%LX LEN=%U PRI=%U EXT=%U RTR=%U\r\n", port, id, len, priority, ext, rtr); 
....................             if ((len)&&(!rtr)) { 
....................                data-=len; 
....................                can_debug("  DATA = "); 
....................                for (i=0;i<len;i++) { 
....................                   can_debug("%X ",*data); 
....................                   data++; 
....................                } 
....................                can_debug("\r\n"); 
....................             } 
....................    #endif 
....................  
....................    return(1); 
0406:  MOVLW  01
0408:  MOVWF  01
040A:  MOVLB  F
.................... } 
040C:  MOVLB  0
040E:  GOTO   04DA (RETURN)
....................  
.................... //////////////////////////////////////////////////////////////////////// 
.................... // 
.................... // can_getd() 
.................... // 
.................... // Gets data from a receive buffer, if the data exists 
.................... // 
.................... //    Returns: 
.................... //      id - ID who sent message 
.................... //      data - pointer to array of data 
.................... //      len - length of received data 
.................... //      stat - structure holding some information (such as which buffer 
.................... //             recieved it, ext or standard, etc) 
.................... // 
.................... //    Returns: 
.................... //      Function call returns a TRUE if there was data in a RX buffer, FALSE 
.................... //      if there was none. 
.................... // 
.................... //////////////////////////////////////////////////////////////////////// 
.................... int1 can_getd(int32 & id, int * data, int & len, struct rx_stat & stat) 
.................... { 
....................     int i; 
....................     int * ptr; 
....................  
....................     if (RXB0CON.rxful) { 
....................         CANCON.win=CAN_WIN_RX0; 
....................         stat.buffer=0; 
....................  
....................         CAN_INT_RXB0IF=0; 
....................  
....................         stat.err_ovfl=COMSTAT.rx0ovfl; 
....................         COMSTAT.rx0ovfl=0; 
....................  
....................         if (RXB0CON.rxb0dben) { 
....................          stat.filthit=RXB0CON.filthit0; 
....................         } 
....................     } 
....................     else if ( RXB1CON.rxful ) 
....................     { 
....................         CANCON.win=CAN_WIN_RX1; 
....................         stat.buffer=1; 
....................  
....................         CAN_INT_RXB1IF=0; 
....................  
....................         stat.err_ovfl=COMSTAT.rx1ovfl; 
....................         COMSTAT.rx1ovfl=0; 
....................  
....................         stat.filthit=RXB1CON.filthit; 
....................     } 
....................     else { 
....................       #if CAN_DO_DEBUG 
....................          can_debug("\r\nFAIL ON CAN_GETD(): NO MESSAGE IN BUFFER\r\n"); 
....................       #endif 
....................       return (0); 
....................     } 
....................  
....................     len = RXBaDLC.dlc; 
....................     stat.rtr=RXBaDLC.rtr; 
....................  
....................     stat.ext=TXRXBaSIDL.ext; 
....................     id=can_get_id(TXRXBaID,stat.ext); 
....................  
....................     ptr = &TXRXBaD0; 
....................     for ( i = 0; i < len; i++ ) { 
....................         *data = *ptr; 
....................         data++; 
....................         ptr++; 
....................     } 
....................  
....................     // return to default addressing 
....................     CANCON.win=CAN_WIN_RX0; 
....................  
....................     stat.inv=CAN_INT_IRXIF; 
....................     CAN_INT_IRXIF = 0; 
....................  
....................     if (stat.buffer) { 
....................       RXB1CON.rxful=0; 
....................     } 
....................     else { 
....................       RXB0CON.rxful=0; 
....................     } 
....................  
....................     #if CAN_DO_DEBUG 
....................        can_debug("\r\nCAN_GETD(): BUFF=%U ID=%LX LEN=%U OVF=%U ", stat.buffer, id, len, stat.err_ovfl); 
....................        can_debug("FILT=%U RTR=%U EXT=%U INV=%U", stat.filthit, stat.rtr, stat.ext, stat.inv); 
....................        if ((len)&&(!stat.rtr)) { 
....................           data-=len; 
....................           can_debug("\r\n    DATA = "); 
....................           for (i=0;i<len;i++) { 
....................             can_debug("%X ",*data); 
....................             data++; 
....................           } 
....................        } 
....................        can_debug("\r\n"); 
....................     #endif 
....................  
....................     return(1); 
.................... } 
....................  
....................  
....................  
....................  
.................... #include <CAN_id_v2.h> 
.................... //  CAN_id_v2 
.................... //  Version 2.0 - HDT - 20/04/2011 
.................... //  Version 2.1 - HDT - 22/04/2011 
....................  
.................... // Acknowledge IDs (0~99) 
....................  
.................... #define MAB_BRAKE_ACK_ID    0// acknowledge de frein (provient de la MicroAutoBox) 
.................... #define MAB_BOOST_ACK_ID    1// acknowledge de boost (provient de la MicroAutoBox) 
.................... #define MAB_ERRSC_ACK_ID    2// acknowledge d'erreurs supercapas (provient de la MicroAutoBox) 
.................... #define ARR_STOP_ACK_ID     3// acknowledge des feux stop (provient de la carte phares arrière) 
.................... #define TDB_ERR_ACK_ID      4// acknowledge d'erreurs MAB (provient de la carte tableau de bord) 
....................  
.................... // High Priority IDs (100~199) 
....................  
.................... #define TDB_BRAKE_ID        100// frein (provient du tableau de bord) 
.................... #define TDB_BOOST_ID        110// boost (provient du tableau de bord) 
.................... #define SCP_ERR_ID          120// erreurs de supercapas 
.................... #define MAB_ERR_ID          121// erreur sur la MicroAutoBox 
.................... #define MAB_STOP_ID         130// feux stop (provient de la MicroAutoBox) 
....................  
.................... // Medium/low Priority IDs (200~infinity) 
....................  
.................... #define SCP_TEMP_ID         200// température supercapas 
.................... #define ALM_CHARGE_ID       210// charge de la batterie (provient de la carte alim) 
.................... #define AVT_VITESSE_ID      215// vitesse du véhicule (provient de la carte vitesse phares avant) 
.................... #define TDB_PHARES_ID       220// phares (provient du tableau de bord) 
....................  
....................  
.................... #define U_ADAPT         PIN_A0 
.................... #define V_SEUIL         PIN_A2 
....................  
.................... #define BATT_MAX        192     //en 8bits. En 16bits : 49282 
.................... #define BATT_MIN        175     //en 8bits. En 16bits : 44957 
....................  
.................... #fuses HS,NOPROTECT,NOLVP,NOWDT 
.................... #use delay(clock=20000000) 
....................  
.................... // Variables utilisées 
....................  
.................... int16 ms = 0; 
.................... int16 tension_courante = BATT_MAX; 
.................... int8 charge_courante = 100; 
.................... int8 i = 0; 
.................... int1 send_charge = false; 
....................  
.................... const int8 charges[] = {100,90,80,70,60,50,40,30,20,15,10,5,2,0}; 
.................... const int8 charges_reelles[] = {100,95,90,85,75,70,65,55,45,35,25,15,5,0}; 
....................  
.................... // Fonctions 
....................  
.................... #inline 
.................... void manageCAN(); 
....................  
.................... #inline 
.................... void internalLogic(); 
....................  
.................... #int_timer2 
.................... void isr_timer2() 
.................... { 
....................     ms++; 
*
00EE:  INCF   18,F
00F0:  BTFSC  FD8.2
00F2:  INCF   19,F
.................... } 
....................  
00F4:  BCF    F9E.1
00F6:  GOTO   0058
.................... #org DEFAULT 
.................... void main() 
.................... { 
*
0412:  CLRF   FF8
0414:  BCF    FD0.7
0416:  BSF    0D.7
0418:  CLRF   FEA
041A:  CLRF   FE9
041C:  MOVF   FC1,W
041E:  ANDLW  C0
0420:  IORLW  0F
0422:  MOVWF  FC1
0424:  CLRF   18
0426:  CLRF   19
0428:  MOVLW  C0
042A:  MOVWF  1A
042C:  CLRF   1B
042E:  MOVLW  64
0430:  MOVWF  1C
0432:  CLRF   1D
0434:  BCF    1E.0
....................    setup_adc_ports(ALL_ANALOG);        //Les ports sont analogiques, RA3 (+5V) est la référence... 
0436:  MOVF   FC1,W
0438:  ANDLW  C0
043A:  MOVWF  FC1
....................  
....................    enable_interrupts(INT_TIMER2); 
043C:  BSF    F9D.1
....................    enable_interrupts(GLOBAL); 
043E:  MOVLW  C0
0440:  IORWF  FF2,F
....................  
....................    setup_timer_2(T2_DIV_BY_4,79,16);   //setup up timer2 to interrupt every 1ms 
0442:  MOVLW  78
0444:  IORLW  05
0446:  MOVWF  FCA
0448:  MOVLW  4F
044A:  MOVWF  FCB
....................    can_init(); 
044C:  BRA    027A
....................    can_set_baud(); 
044E:  RCALL  011C
....................  
....................    //  BOUCLE DE TRAVAIL 
....................    while(TRUE) 
....................    { 
....................       internalLogic(); 
....................       manageCAN(); 
....................    } 
*
04DC:  MOVLB  0
04DE:  BRA    0450
.................... } 
....................  
.................... #inline 
.................... void manageCAN() 
04E0:  SLEEP 
.................... { 
....................    /*struct rx_stat rxStat; 
....................    int32 rxId; 
....................    int8 rxData[8]; 
....................    int8 rxLen;*/ 
....................  
....................  
....................    /*if(can_kbhit())     // Une donnée est présente dans le buffer de réception du CAN 
....................    { 
....................       if(can_getd(rxId,&rxData[0],rxLen,rxStat)) 
....................       { 
....................          if(rxId == XXX_ID)        // TODO : reçoit-on une donnée pour la carte alim ? Pas sûr ! 
....................          { 
....................  
....................          } 
....................       } 
....................    }*/ 
....................    if(can_tbe()) 
*
04A8:  MOVLB  F
04AA:  BTFSS  x40.3
04AC:  BRA    04B6
04AE:  BTFSS  x30.3
04B0:  BRA    04B6
04B2:  BTFSC  x20.3
04B4:  BRA    04DC
....................    { 
....................        if(send_charge) 
04B6:  BTFSS  1E.0
04B8:  BRA    04DC
....................        { 
....................            can_putd(ALM_CHARGE_ID,&charge_courante,8,1,false,false); 
04BA:  CLRF   22
04BC:  CLRF   21
04BE:  CLRF   20
04C0:  MOVLW  D2
04C2:  MOVWF  1F
04C4:  CLRF   24
04C6:  MOVLW  1C
04C8:  MOVWF  23
04CA:  MOVLW  08
04CC:  MOVWF  25
04CE:  MOVLW  01
04D0:  MOVWF  26
04D2:  CLRF   27
04D4:  CLRF   28
04D6:  MOVLB  0
04D8:  BRA    0352
04DA:  MOVLB  F
....................        } 
....................    } 
.................... } 
....................  
.................... #inline 
.................... void internalLogic() 
.................... { 
....................    tension_courante = read_adc(); 
*
0450:  BSF    FC2.1
0452:  BTFSC  FC2.1
0454:  BRA    0452
0456:  MOVF   FC4,W
0458:  CLRF   1B
045A:  MOVWF  1A
....................    i = 0; 
045C:  CLRF   1D
....................  
....................    while(tension_courante < charges_reelles[i]*(BATT_MAX-BATT_MIN)+BATT_MIN) 
....................    { 
045E:  CLRF   03
0460:  MOVF   1D,W
0462:  MOVFF  FF2,1F
0466:  BCF    FF2.7
0468:  RCALL  00C6
046A:  BTFSC  1F.7
046C:  BSF    FF2.7
046E:  MULLW  11
0470:  MOVF   FF3,W
0472:  ADDLW  AF
0474:  MOVF   1B,F
0476:  BNZ   0480
0478:  SUBWF  1A,W
047A:  BC    0480
....................        i++; 
047C:  INCF   1D,F
....................    } 
047E:  BRA    045E
....................  
....................    charge_courante = charges[i]; 
0480:  CLRF   03
0482:  MOVF   1D,W
0484:  MOVFF  FF2,1F
0488:  BCF    FF2.7
048A:  RCALL  009E
048C:  BTFSC  1F.7
048E:  BSF    FF2.7
0490:  MOVWF  1C
....................  
....................    if(ms >= 2000) 
0492:  MOVF   19,W
0494:  SUBLW  06
0496:  BC    04A8
0498:  XORLW  FF
049A:  BNZ   04A2
049C:  MOVF   18,W
049E:  SUBLW  CF
04A0:  BC    04A8
....................    { 
....................        send_charge = true; 
04A2:  BSF    1E.0
....................        ms = 0; 
04A4:  CLRF   19
04A6:  CLRF   18
....................     } 
.................... } 
....................  

Configuration Fuses:
   Word  1: 0200   HS NOIESO NOFCMEN RESERVED
   Word  2: 1E1E   BROWNOUT NOWDT BORV21 PUT WDT32768
   Word  3: 8200   PBADEN NOLPT1OSC MCLR RESERVED
   Word  4: 0081   STVREN NODEBUG NOLVP BBSIZ1K NOXINST RESERVED
   Word  5: C00F   NOPROTECT NOCPD NOCPB
   Word  6: E00F   NOWRT NOWRTD NOWRTC NOWRTB
   Word  7: 400F   NOEBTR NOEBTRB
