CCS PCH C Compiler, Version 4.057, 32216               27-avr.-11 17:46

               Filename: carte_supercapas_v1.lst

               ROM used: 1176 bytes (4%)
                         Largest free fragment is 31588
               RAM used: 27 (2%) at main() level
                         56 (4%) worst case
               Stack:    3 worst case (2 in main + 1 for interrupts)

*
0000:  GOTO   03C0
*
0008:  MOVWF  05
000A:  MOVFF  FD8,06
000E:  MOVFF  FE0,07
0012:  MOVLB  0
0014:  MOVFF  FE9,0D
0018:  MOVFF  FEA,08
001C:  MOVFF  FE1,09
0020:  MOVFF  FE2,0A
0024:  MOVFF  FD9,0B
0028:  MOVFF  FDA,0C
002C:  MOVFF  FF3,14
0030:  MOVFF  FF4,15
0034:  MOVFF  FFA,16
0038:  MOVFF  00,0F
003C:  MOVFF  01,10
0040:  MOVFF  02,11
0044:  MOVFF  03,12
0048:  MOVFF  04,13
004C:  BTFSS  F9D.1
004E:  GOTO   0058
0052:  BTFSC  F9E.1
0054:  GOTO   009E
0058:  MOVFF  0F,00
005C:  MOVFF  10,01
0060:  MOVFF  11,02
0064:  MOVFF  12,03
0068:  MOVFF  13,04
006C:  BSF    0E.7
006E:  MOVFF  0D,FE9
0072:  MOVFF  08,FEA
0076:  MOVFF  09,FE1
007A:  MOVFF  0A,FE2
007E:  MOVFF  0B,FD9
0082:  MOVFF  0C,FDA
0086:  MOVFF  14,FF3
008A:  MOVFF  15,FF4
008E:  MOVFF  16,FFA
0092:  MOVF   05,W
0094:  MOVFF  07,FE0
0098:  MOVFF  06,FD8
009C:  RETFIE 0
.................... //      Carte Supercapaas 
.................... //      Version 1.0 - HDT -26/04/2011 
.................... // 
....................  
.................... #include <18F2580.h> 
.................... //////// Standard Header file for the PIC18F2580 device //////////////// 
.................... #device PIC18F2580 
.................... #list 
....................  
.................... #include <can-18xxx8.c> 
.................... ///////////////////////////////////////////////////////////////////////// 
.................... ////                        can-18xxx8.c                             //// 
.................... //// CAN Library routines for Microchip's PIC18Cxx8 and 18Fxx8 line  //// 
.................... ////                                                                 //// 
.................... //// This library provides the following functions:                  //// 
.................... ////  (for more information on these functions see the comment       //// 
.................... ////   header above each function)                                   //// 
.................... ////                                                                 //// 
.................... ////    can_init - Configures the PIC18xxx8 CAN peripheral           //// 
.................... ////                                                                 //// 
.................... ////    can_set_baud - Sets the baud rate control registers          //// 
.................... ////                                                                 //// 
.................... ////    can_set_mode - Sets the CAN module into a specific mode      //// 
.................... ////                                                                 //// 
.................... ////    can_set_id - Sets the standard and extended ID               //// 
.................... ////                                                                 //// 
.................... ////    can_get_id - Gets the standard and extended ID               //// 
.................... ////                                                                 //// 
.................... ////    can_putd - Sends a message/request with specified ID         //// 
.................... ////                                                                 //// 
.................... ////    can_getd - Returns specifid message/request and ID           //// 
.................... ////                                                                 //// 
.................... ////    can_kbhit - Returns true if there is data in one of the      //// 
.................... ////                receive buffers                                  //// 
.................... ////                                                                 //// 
.................... ////    can_tbe - Returns true if the transmit buffer is ready to    //// 
.................... ////              send more data                                     //// 
.................... ////                                                                 //// 
.................... ////    can_abort - Aborts all pending transmissions                 //// 
.................... ////                                                                 //// 
.................... //// PIN_B3 is CANRX, and PIN_B2 is CANTX.  You will need a CAN      //// 
.................... //// transeiver to connect these pins to CANH and CANL bus lines.    //// 
.................... ////                                                                 //// 
.................... //// CCS provides an example, ex_can.c, which shows how to use this  //// 
.................... //// library.                                                        //// 
.................... ////                                                                 //// 
.................... ///////////////////////////////////////////////////////////////////////// 
.................... ////                                                                 //// 
.................... //// Version History                                                 //// 
.................... ////                                                                 //// 
.................... ////  Jul 27 04 - can_init() uses CAN_USE_EXTENDED_ID instead of     //// 
.................... ////              setting all RX filters to extended.                //// 
.................... ////                                                                 //// 
.................... ////  Feb 24 04 - can_get_id() fixed for EID<18:20>.                 //// 
.................... ////                                                                 //// 
.................... ///////////////////////////////////////////////////////////////////////// 
.................... ////        (C) Copyright 1996,2003 Custom Computer Services         //// 
.................... //// This source code may only be used by licensed users of the CCS  //// 
.................... //// C compiler.  This source code may only be distributed to other  //// 
.................... //// licensed users of the CCS C compiler.  No other use,            //// 
.................... //// reproduction or distribution is permitted without written       //// 
.................... //// permission.  Derivative programs created using this software    //// 
.................... //// in object code form are not restricted in any way.              //// 
.................... ///////////////////////////////////////////////////////////////////////// 
....................  
.................... #include <can-18xxx8.h> 
.................... ///////////////////////////////////////////////////////////////////////// 
.................... ////                        can-18xxx8.h                             //// 
.................... ////                                                                 //// 
.................... //// Prototypes, definitions, defines and macros used for and with   //// 
.................... //// the CCS CAN library for PIC18Fxx8 and PIC18Cxx8.                //// 
.................... ////                                                                 //// 
.................... //// (see can-18xxx8.c)                                              //// 
.................... ////                                                                 //// 
.................... ///////////////////////////////////////////////////////////////////////// 
.................... ////        (C) Copyright 1996,2003 Custom Computer Services         //// 
.................... //// This source code may only be used by licensed users of the CCS  //// 
.................... //// C compiler.  This source code may only be distributed to other  //// 
.................... //// licensed users of the CCS C compiler.  No other use,            //// 
.................... //// reproduction or distribution is permitted without written       //// 
.................... //// permission.  Derivative programs created using this software    //// 
.................... //// in object code form are not restricted in any way.              //// 
.................... ///////////////////////////////////////////////////////////////////////// 
....................  
.................... #ifndef __CCS_CAN18xxx8_LIB_DEFINES__ 
.................... #define __CCS_CAN18xxx8_LIB_DEFINES__ 
....................  
.................... #ifndef CAN_DO_DEBUG 
....................  #define CAN_DO_DEBUG FALSE 
.................... #endif 
....................  
.................... #IFNDEF CAN_USE_EXTENDED_ID 
....................   #define CAN_USE_EXTENDED_ID         TRUE 
.................... #ENDIF 
....................  
.................... #IFNDEF CAN_BRG_SYNCH_JUMP_WIDTH 
....................   #define CAN_BRG_SYNCH_JUMP_WIDTH  0  //synchronized jump width (def: 1 x Tq) 
.................... #ENDIF 
....................  
.................... #IFNDEF CAN_BRG_PRESCALAR 
....................   #define CAN_BRG_PRESCALAR  4  //baud rate generator prescalar (def: 4) ( Tq = (2 x (PRE + 1))/Fosc ) 
.................... #ENDIF 
....................  
.................... #ifndef CAN_BRG_SEG_2_PHASE_TS 
....................  #define CAN_BRG_SEG_2_PHASE_TS   TRUE //phase segment 2 time select bit (def: freely programmable) 
.................... #endif 
....................  
.................... #ifndef CAN_BRG_SAM 
....................  #define CAN_BRG_SAM 0 //sample of the can bus line (def: bus line is sampled 1 times prior to sample point) 
.................... #endif 
....................  
.................... #ifndef CAN_BRG_PHASE_SEGMENT_1 
....................  #define CAN_BRG_PHASE_SEGMENT_1  5 //phase segment 1 (def: 6 x Tq) 
.................... #endif 
....................  
.................... #ifndef CAN_BRG_PROPAGATION_TIME 
....................  #define CAN_BRG_PROPAGATION_TIME 2 //propagation time select (def: 3 x Tq) 
.................... #endif 
....................  
.................... #ifndef CAN_BRG_WAKE_FILTER 
....................  #define CAN_BRG_WAKE_FILTER FALSE   //selects can bus line filter for wake up bit 
.................... #endif 
....................  
.................... #ifndef CAN_BRG_PHASE_SEGMENT_2 
....................  #define CAN_BRG_PHASE_SEGMENT_2 5 //phase segment 2 time select (def: 6 x Tq) 
.................... #endif 
....................  
.................... #ifndef CAN_USE_RX_DOUBLE_BUFFER 
....................  #define CAN_USE_RX_DOUBLE_BUFFER TRUE   //if buffer 0 overflows, do NOT use buffer 1 to put buffer 0 data 
.................... #endif 
....................  
.................... #ifndef CAN_ENABLE_DRIVE_HIGH 
....................  #define CAN_ENABLE_DRIVE_HIGH 0 
.................... #endif 
....................  
.................... #ifndef CAN_ENABLE_CAN_CAPTURE 
....................  #define CAN_ENABLE_CAN_CAPTURE 0 
.................... #endif 
....................  
.................... enum CAN_OP_MODE {CAN_OP_CONFIG=4, CAN_OP_LISTEN=3, CAN_OP_LOOPBACK=2, CAN_OP_DISABLE=1, CAN_OP_NORMAL=0}; 
.................... enum CAN_WIN_ADDRESS {CAN_WIN_RX0=0, CAN_WIN_RX1=5, CAN_WIN_TX0=4, CAN_WIN_TX1=3, CAN_WIN_TX2=2}; 
....................  
.................... //can control 
.................... struct { 
.................... 	int1 void0; //0 
.................... 	CAN_WIN_ADDRESS win:3;	//1:3 //window address bits 
.................... 	int1 abat;	//4 //abort all pending transmissions 
.................... 	CAN_OP_MODE reqop:3;	//5:7	//request can operation mode bits 
.................... } CANCON; 
.................... #byte CANCON = 0xF6F 
....................  
....................  
.................... enum CAN_INT_CODE {CAN_INT_WAKEUP=7, CAN_INT_RX0=6, CAN_INT_RX1=5, CAN_INT_TX0=4, CAN_INT_TX1=3, CAN_INT_TX2=2, CAN_INT_ERROR=1, CAN_INT_NO=0}; 
....................  
.................... //can status register READ-ONLY 
.................... struct { 
.................... 	int1 void0;	//0 
.................... 	CAN_INT_CODE icode:3;	//1:3	//interrupt code 
.................... 	int1 void4;	//4 
.................... 	CAN_OP_MODE opmode:3;	//5:7	//operation mode status 
.................... } CANSTAT; 
.................... #byte CANSTAT = 0xF6E 
....................  
.................... //communication status register READ-ONLY 
.................... struct { 
.................... 	int1 ewarn;		//0 //error warning 
.................... 	int1 rxwarn;		//1 //receiver warning 
.................... 	int1 txwarn;		//2 //transmitter warning 
.................... 	int1 rxbp;	//3 //receiver bus passive 
.................... 	int1 txbp;	//4 //transmitter bus passive bit 
.................... 	int1 txbo;	//5	//transmitter bus off 
.................... 	int1 rx1ovfl;	//6	//receive buffer 1 overflow 
.................... 	int1 rx0ovfl;	//7	//receive buffer 0 overflow 
.................... } COMSTAT; 
.................... #byte COMSTAT=0xF74 
....................  
.................... //baud rate control register 1 
.................... struct { 
.................... 	int brp:6;	//0:5	//baud rate prescalar 
.................... 	int sjw:2;	//6:7	//synchronized jump width 
.................... } BRGCON1; 
.................... #byte BRGCON1=0xF70 
....................  
.................... //baud rate control register 2 
.................... struct { 
.................... 	int prseg:3; //0:2 //propagation time select 
.................... 	int seg1ph:3; //3:5 //phase segment 1 
.................... 	int1 sam; //6 //sample of the can bus line 
.................... 	int1 seg2phts; //7 //phase segment 2 time select 
.................... } BRGCON2; 
.................... #byte BRGCON2=0xF71 
....................  
.................... //baud rate control register 3 
.................... struct { 
.................... 	int seg2ph:3;	//0:2	//phase segment 2 time select 
.................... 	int void543:3;	//3:5 
.................... 	int1 wakfil;	//6 //selects can bus line filter for wake-up 
.................... 	int1 void7;	//7 
.................... } BRGCON3; 
.................... #byte BRGCON3=0xF72 
....................  
.................... //can i/o control register 
.................... struct { 
.................... 	int void3210:4;	//0:3 
.................... 	int1 cancap;	//4 //can message receive caputre 
.................... 	int1 endrhi;	//5 //enable drive high 
.................... 	int void76:2;	//6:7 
.................... } CIOCON; 
.................... #byte CIOCON=0xF73 
....................  
.................... //transmit buffer n control register 
.................... struct txbNcon_struct { 
.................... 	int  txpri:2;	//0:1	//transmit priority bits 
.................... 	int1 void2; //2 
.................... 	int1 txreq;	//3	//transmit request status (clear to request message abort) 
.................... 	int1 txerr;	//4	//transmission error detected 
.................... 	int1 txlarb;	//5	//transmission lost arbitration status 
.................... 	int1 txabt;	//6	//transmission aborted status 
.................... 	int1 void7; 
.................... }; 
.................... struct txbNcon_struct TXB0CON; 
.................... struct txbNcon_struct TXB1CON; 
.................... struct txbNcon_struct TXB2CON; 
.................... struct txbNcon_struct TXBaCON; 
.................... #byte	TXB0CON=0xF40 
.................... #byte	TXB1CON=0xF30 
.................... #byte	TXB2CON=0xF20 
.................... #byte TXBaCON=0xF60 //txbXcon when in the access bank 
....................  
....................  
.................... //transmit buffer n standard identifier 
.................... #byte TXB0SIDH=0xF41 
.................... #byte TXB0SIDL=0xF42 
.................... #byte TXB1SIDH=0xF31 
.................... #byte TXB1SIDL=0xF32 
.................... #byte TXB2SIDH=0xF21 
.................... #byte TXB2SIDL=0xF22 
....................  
.................... //transmit buffer n extended identifier 
.................... #byte TXB0EIDH=0xF43 
.................... #byte TXB0EIDL=0xF44 
.................... #byte TXB1EIDH=0xF33 
.................... #byte TXB1EIDL=0xF34 
.................... #byte TXB2EIDH=0xF23 
.................... #byte TXB2EIDL=0xF24 
....................  
.................... #define RX0MASK      0xF1B    //rxm0eidl 
.................... #define RX1MASK      0xF1F    //rxm1eidl 
.................... #define RX0FILTER0   0xF03    //rxf0eidl 
.................... #define RX0FILTER1   0xF07    //rxf1eidl 
.................... #define RX1FILTER2   0xF0B    //rxf2eidl 
.................... #define RX1FILTER3   0xF0F    //rxf3eidl 
.................... #define RX1FILTER4   0xF13    //rxf4eidl 
.................... #define RX1FILTER5   0xF17    //rxf5eidl 
.................... #define RXB0ID       0xF64    //rxb0eidl 
.................... #define RXB1ID       0xF54    //rxb1eidl 
.................... #define TXB0ID       0xF44    //txb0eidl 
.................... #define TXB1ID       0xF34    //txb1eidl 
.................... #define TXB2ID       0xF24    //tsb2eidl 
.................... #define TXRXBaID     0xF64 
....................  
.................... //transmit buffer n data byte m 
.................... #byte TXB0D0=0xF46 
.................... #byte TXB0D7=0xF4D 
.................... #byte TXB1D0=0xF36 
.................... #byte TXB1D7=0xF3D 
.................... #byte TXB2D0=0xF26 
.................... #byte TXB2D7=0xF2D 
....................  
.................... //transmit buffer n data length 
.................... struct txbNdlc_struct { 
.................... 	int dlc:4;	//0:3 
.................... 	int void54:2; //4:5 
.................... 	int1 rtr; //6 //transmission frame remote tranmission 
.................... 	int1 void7; //7 
.................... }; 
.................... struct txbNdlc_struct TXB0DLC; 
.................... struct txbNdlc_struct TXB1DLC; 
.................... struct txbNdlc_struct TXB2DLC; 
.................... struct txbNdlc_struct TXBaDLC; 
.................... #byte TXB0DLC=0xF45 
.................... #byte TXB1DLC=0xF35 
.................... #byte TXB2DLC=0xF25 
.................... #byte TXBaDLC=0xF65  //txbXdlc when in the access bank 
....................  
....................  
.................... //transmit error count register 
.................... #byte TXERRCNT=0xF76 
....................  
....................  
.................... enum CAN_RX_MODE {CAN_RX_ALL=3, CAN_RX_EXT=2, CAN_RX_STD=1, CAN_RX_VALID=0}; 
....................  
.................... //receive buffer 0 control register 
.................... struct { 
.................... 	int1 filthit0;	//0 //filter hit 
.................... 	int1 jtoff;	//1 //jump table offset 
.................... 	int1 rxb0dben;	//2 //receive buffer 0 double buffer enable 
.................... 	int1 rxrtrro;	//3 //receive remote transfer request 
.................... 	int1 void4;	//4 
.................... 	CAN_RX_MODE rxm:2;	//5:6 //receiver buffer mode 
.................... 	int1 rxful;	//7 //receive full status 
.................... } RXB0CON; 
.................... #byte RXB0CON=0xF60 
....................  
.................... //receive buffer 1 control register 
.................... struct { 
.................... 	int filthit:3;	//0:2 
.................... 	int1 rxrtrro;	//3 //receive remote transfer request 
.................... 	int1 void4;	//4 
.................... 	CAN_RX_MODE rxm:2;	//5:6 //receive buffer mode 
.................... 	int1 rxful;	//7	//receive full 
.................... } RXB1CON; 
.................... #byte	RXB1CON=0xF50 
....................  
....................  
.................... //receive buffer n standard identifier 
.................... #byte	RXB0SIDH=0xF61 
.................... #byte	RXB0SIDL=0xF62 
.................... #byte	RXB1SIDH=0xF51 
.................... #byte	RXB1SIDL=0xF52 
....................  
.................... //receive buffer n extended identifier 
.................... #byte	RXB0EIDH=0xF63 
.................... #byte	RXB0EIDL=0xF64 
.................... #byte	RXB1EIDH=0xF53 
.................... #byte	RXB1EIDL=0xF54 
....................  
.................... #byte TXRXBaEIDL=0xF64 
....................  
.................... struct { 
....................    int void012:3; //0:3 
....................    int1 ext;   //extendid id 
....................    int1 srr;   //substitute remove request bit 
....................    int void567:3; //5:7 
.................... } TXRXBaSIDL; 
.................... #byte TXRXBaSIDL=0xF62 
....................  
.................... //receive buffer n data length code register 
.................... struct rxbNdlc_struct { 
.................... 	int dlc:4;	//0:3 //data length code 
.................... 	int1 rb0; //4 //reserved 
.................... 	int1 rb1;	//5 //reserved 
.................... 	int1 rtr;	//6 //receiver remote transmission request bit 
.................... 	int1 void7;	//7 
.................... }; 
.................... struct rxbNdlc_struct RXB0DLC; 
.................... struct rxbNdlc_struct RXB1DLC; 
.................... struct rxbNdlc_struct RXBaDLC; 
.................... #byte	RXB0DLC=0xF65 
.................... #byte	RXB1DLC=0xF55 
.................... #byte	RXBaDLC=0xF65 
....................  
.................... //receive buffer n data field byte m register 
.................... #byte RXB0D0=0xF66 
.................... #byte RXB0D7=0xF6D 
.................... #byte TXRXBaD0=0xF66 
.................... #byte TXRXBaD7=0xF6D 
....................  
.................... //receive error count 
.................... #byte RXERRCNT=0xF75 
....................  
.................... //receive acceptance filter n standard indifier 
.................... #byte RXF0SIDH=0xF00 
.................... #byte RXF0SIDL=0xF01 
.................... #byte RXF1SIDH=0xF04 
.................... #byte RXF1SIDL=0xF05 
.................... #byte RXF2SIDH=0xF08 
.................... #byte RXF2SIDL=0xF09 
.................... #byte RXF3SIDH=0xF0C 
.................... #byte RXF3SIDL=0xF0D 
.................... #byte RXF4SIDH=0xF10 
.................... #byte RXF4SIDL=0xF11 
.................... #byte RXF5SIDH=0xF14 
.................... #byte RXF5SIDL=0xF15 
....................  
.................... //receive acceptance filter n extended indifier 
.................... #byte RXF0EIDH=0xF02 
.................... #byte RXF0EIDL=0xF03 
.................... #byte RXF1EIDH=0xF06 
.................... #byte RXF1EIDL=0xF07 
.................... #byte RXF2EIDH=0xF0A 
.................... #byte RXF2EIDL=0xF0B 
.................... #byte RXF3EIDH=0xF0E 
.................... #byte RXF3EIDL=0xF0F 
.................... #byte RXF4EIDH=0xF12 
.................... #byte RXF4EIDL=0xF13 
.................... #byte RXF5EIDH=0xF16 
.................... #byte RXF5EIDL=0xF17 
....................  
.................... //receive acceptance mask n standard identifer mask 
.................... #byte RXM0SIDH=0xF18 
.................... #byte RXM0SIDL=0xF19 
.................... #byte RXM1SIDH=0xF1C 
.................... #byte RXM1SIDL=0xF1D 
....................  
.................... //receive acceptance mask n extended identifer mask 
.................... #byte RXM0EIDH=0xF1A 
.................... #byte RXM0EIDL=0xF1B 
.................... #byte RXM1EIDH=0xF1E 
.................... #byte RXM1EIDL=0xF1F 
....................  
.................... //value to put in mask field to accept all incoming id's 
.................... #define CAN_MASK_ACCEPT_ALL   0 
....................  
.................... //can interrupt flags 
.................... #bit CAN_INT_IRXIF = 0xFA4.7 
.................... #bit CAN_INT_WAKIF = 0xFA4.6 
.................... #bit CAN_INT_ERRIF = 0xFA4.5 
.................... #bit CAN_INT_TXB2IF = 0xFA4.4 
.................... #bit CAN_INT_TXB1IF = 0xFA4.3 
.................... #bit CAN_INT_TXB0IF = 0xFA4.2 
.................... #bit CAN_INT_RXB1IF = 0xFA4.1 
.................... #bit CAN_INT_RXB0IF = 0xFA4.0 
....................  
.................... //PROTOTYPES 
....................  
.................... struct rx_stat { 
....................    int1 err_ovfl; 
....................    int filthit:3; 
....................    int1 buffer; 
....................    int1 rtr; 
....................    int1 ext; 
....................    int1 inv; 
.................... }; 
....................  
.................... void  can_init(void); 
.................... void  can_set_baud(void); 
.................... void  can_set_mode(CAN_OP_MODE mode); 
.................... void  can_set_id(int* addr, int32 id, int1 ext); 
.................... int32 can_get_id(int * addr, int1 ext); 
.................... int   can_putd(int32 id, int * data, int len, int priority, int1 ext, int1 rtr); 
.................... int1  can_getd(int32 & id, int * data, int & len, struct rx_stat & stat); 
....................  
.................... #endif 
....................  
....................  
.................... #if CAN_DO_DEBUG 
....................  #define can_debug printf 
.................... #else 
....................  #define can_debug 
.................... #endif 
....................  
....................  
.................... //macros 
.................... #define can_kbhit()                 (RXB0CON.rxful || RXB1CON.rxful) 
.................... #define can_tbe()                   (!TXB0CON.txreq || !TXB1CON.txreq || !TXB2CON.txreq) 
.................... #define can_abort()                 (CANCON.abat=1) 
....................  
....................  
.................... //////////////////////////////////////////////////////////////////////// 
.................... // 
.................... // can_init() 
.................... // 
.................... // Initializes PIC18xxx8 CAN peripheral.  Sets the RX filter and masks so the 
.................... // CAN peripheral will receive all incoming IDs.  Configures both RX buffers 
.................... // to only accept valid valid messages (as opposed to all messages, or all 
.................... // extended message, or all standard messages).  Also sets the tri-state 
.................... // setting of B2 to output, and B3 to input (apparently the CAN peripheral 
.................... // doesn't keep track of this) 
.................... // 
.................... // The constants (CAN_USE_RX_DOUBLE_BUFFER, CAN_ENABLE_DRIVE_HIGH, 
.................... // CAN_ENABLE_CAN_CAPTURE) are given a default define in the can-18xxx8.h file. 
.................... // These default values can be overwritten in the main code, but most 
.................... // applications will be fine with these defaults. 
.................... // 
.................... ////////////////////////////////////////////////////////////////////////////// 
.................... void can_init(void) { 
....................    can_set_mode(CAN_OP_CONFIG);   //must be in config mode before params can be set 
*
022A:  MOVLW  04
022C:  MOVWF  1B
022E:  RCALL  00AA
....................    can_set_baud(); 
0230:  RCALL  00CC
....................  
....................    RXB0CON=0; 
0232:  CLRF   F60
....................    RXB0CON.rxm=CAN_RX_VALID; 
0234:  MOVLW  9F
0236:  ANDWF  F60,W
0238:  MOVWF  F60
....................    RXB0CON.rxb0dben=CAN_USE_RX_DOUBLE_BUFFER; 
023A:  BSF    F60.2
....................    RXB1CON=RXB0CON; 
023C:  MOVFF  F60,F50
....................  
....................    CIOCON.endrhi=CAN_ENABLE_DRIVE_HIGH; 
0240:  BCF    F73.5
....................    CIOCON.cancap=CAN_ENABLE_CAN_CAPTURE; 
0242:  BCF    F73.4
....................  
....................    can_set_id(RX0MASK, CAN_MASK_ACCEPT_ALL, CAN_USE_EXTENDED_ID);  //set mask 0 
0244:  MOVLW  0F
0246:  MOVWF  2B
0248:  MOVLW  1B
024A:  MOVWF  2A
024C:  CLRF   2F
024E:  CLRF   2E
0250:  CLRF   2D
0252:  CLRF   2C
0254:  MOVLW  01
0256:  MOVWF  30
0258:  RCALL  00FA
....................    can_set_id(RX0FILTER0, 0, CAN_USE_EXTENDED_ID);  //set filter 0 of mask 0 
025A:  MOVLW  0F
025C:  MOVWF  2B
025E:  MOVLW  03
0260:  MOVWF  2A
0262:  CLRF   2F
0264:  CLRF   2E
0266:  CLRF   2D
0268:  CLRF   2C
026A:  MOVLW  01
026C:  MOVWF  30
026E:  RCALL  00FA
....................    can_set_id(RX0FILTER1, 0, CAN_USE_EXTENDED_ID);  //set filter 1 of mask 0 
0270:  MOVLW  0F
0272:  MOVWF  2B
0274:  MOVLW  07
0276:  MOVWF  2A
0278:  CLRF   2F
027A:  CLRF   2E
027C:  CLRF   2D
027E:  CLRF   2C
0280:  MOVLW  01
0282:  MOVWF  30
0284:  RCALL  00FA
....................  
....................    can_set_id(RX1MASK, CAN_MASK_ACCEPT_ALL, CAN_USE_EXTENDED_ID);  //set mask 1 
0286:  MOVLW  0F
0288:  MOVWF  2B
028A:  MOVLW  1F
028C:  MOVWF  2A
028E:  CLRF   2F
0290:  CLRF   2E
0292:  CLRF   2D
0294:  CLRF   2C
0296:  MOVLW  01
0298:  MOVWF  30
029A:  RCALL  00FA
....................    can_set_id(RX1FILTER2, 0, CAN_USE_EXTENDED_ID);  //set filter 0 of mask 1 
029C:  MOVLW  0F
029E:  MOVWF  2B
02A0:  MOVLW  0B
02A2:  MOVWF  2A
02A4:  CLRF   2F
02A6:  CLRF   2E
02A8:  CLRF   2D
02AA:  CLRF   2C
02AC:  MOVLW  01
02AE:  MOVWF  30
02B0:  RCALL  00FA
....................    can_set_id(RX1FILTER3, 0, CAN_USE_EXTENDED_ID);  //set filter 1 of mask 1 
02B2:  MOVLW  0F
02B4:  MOVWF  2B
02B6:  MOVWF  2A
02B8:  CLRF   2F
02BA:  CLRF   2E
02BC:  CLRF   2D
02BE:  CLRF   2C
02C0:  MOVLW  01
02C2:  MOVWF  30
02C4:  RCALL  00FA
....................    can_set_id(RX1FILTER4, 0, CAN_USE_EXTENDED_ID);  //set filter 2 of mask 1 
02C6:  MOVLW  0F
02C8:  MOVWF  2B
02CA:  MOVLW  13
02CC:  MOVWF  2A
02CE:  CLRF   2F
02D0:  CLRF   2E
02D2:  CLRF   2D
02D4:  CLRF   2C
02D6:  MOVLW  01
02D8:  MOVWF  30
02DA:  RCALL  00FA
....................    can_set_id(RX1FILTER5, 0, CAN_USE_EXTENDED_ID);  //set filter 3 of mask 1 
02DC:  MOVLW  0F
02DE:  MOVWF  2B
02E0:  MOVLW  17
02E2:  MOVWF  2A
02E4:  CLRF   2F
02E6:  CLRF   2E
02E8:  CLRF   2D
02EA:  CLRF   2C
02EC:  MOVLW  01
02EE:  MOVWF  30
02F0:  RCALL  00FA
....................  
....................    set_tris_b((*0xF93 & 0xFB ) | 0x08);   //b3 is out, b2 is in 
02F2:  MOVF   F93,W
02F4:  ANDLW  FB
02F6:  IORLW  08
02F8:  MOVWF  F93
....................  
....................    can_set_mode(CAN_OP_NORMAL); 
02FA:  CLRF   1B
02FC:  RCALL  00AA
.................... } 
02FE:  GOTO   03FC (RETURN)
....................  
.................... //////////////////////////////////////////////////////////////////////// 
.................... // 
.................... // can_set_baud() 
.................... // 
.................... // Configures the baud rate control registers.  All the defines here 
.................... // are defaulted in the can-18xxx8.h file.  These defaults can, and 
.................... // probably should, be overwritten in the main code. 
.................... // 
.................... // Current defaults are set to work with Microchip's MCP250xxx CAN 
.................... // Developers Kit if this PIC is running at 20Mhz. 
.................... // 
.................... //////////////////////////////////////////////////////////////////////// 
.................... void can_set_baud(void) { 
....................    BRGCON1.brp=CAN_BRG_PRESCALAR; 
*
00CC:  MOVLW  C0
00CE:  ANDWF  F70,W
00D0:  IORLW  04
00D2:  MOVWF  F70
....................    BRGCON1.sjw=CAN_BRG_SYNCH_JUMP_WIDTH; 
00D4:  MOVLW  3F
00D6:  ANDWF  F70,W
00D8:  MOVWF  F70
....................  
....................    BRGCON2.prseg=CAN_BRG_PROPAGATION_TIME; 
00DA:  MOVLW  F8
00DC:  ANDWF  F71,W
00DE:  IORLW  02
00E0:  MOVWF  F71
....................    BRGCON2.seg1ph=CAN_BRG_PHASE_SEGMENT_1; 
00E2:  MOVLW  C7
00E4:  ANDWF  F71,W
00E6:  IORLW  28
00E8:  MOVWF  F71
....................    BRGCON2.sam=CAN_BRG_SAM; 
00EA:  BCF    F71.6
....................    BRGCON2.seg2phts=CAN_BRG_SEG_2_PHASE_TS; 
00EC:  BSF    F71.7
....................  
....................    BRGCON3.seg2ph=CAN_BRG_PHASE_SEGMENT_2; 
00EE:  MOVLW  F8
00F0:  ANDWF  F72,W
00F2:  IORLW  05
00F4:  MOVWF  F72
....................    BRGCON3.wakfil=CAN_BRG_WAKE_FILTER; 
00F6:  BCF    F72.6
.................... } 
00F8:  RETLW  00
....................  
.................... void can_set_mode(CAN_OP_MODE mode) { 
....................    CANCON.reqop=mode; 
*
00AA:  SWAPF  1B,W
00AC:  ANDLW  70
00AE:  MOVWF  00
00B0:  BCF    FD8.0
00B2:  RLCF   00,F
00B4:  MOVLW  1F
00B6:  ANDWF  F6F,W
00B8:  IORWF  00,W
00BA:  MOVWF  F6F
....................    while( (CANSTAT.opmode) != mode ); 
00BC:  MOVFF  F6E,00
00C0:  SWAPF  00,F
00C2:  RRCF   00,W
00C4:  ANDLW  07
00C6:  SUBWF  1B,W
00C8:  BNZ   00BC
.................... } 
00CA:  RETLW  00
....................  
....................  
.................... //////////////////////////////////////////////////////////////////////// 
.................... // 
.................... // can_set_id() 
.................... // 
.................... // Configures the xxxxEIDL, xxxxEIDH, xxxxSIDL and xxxxSIDH registers to 
.................... // configure the defined buffer to use the specified ID 
.................... // 
.................... //   Paramaters: 
.................... //     addr - pointer to first byte of ID register, starting with xxxxEIDL. 
.................... //            For example, a pointer to RXM1EIDL 
.................... //     id - ID to set buffer to 
.................... //     ext - Set to TRUE if this buffer uses an extended ID, FALSE if not 
.................... // 
.................... //////////////////////////////////////////////////////////////////////// 
.................... void can_set_id(int* addr, int32 id, int1 ext) { 
....................    int *ptr; 
....................  
....................    ptr=addr; 
*
00FA:  MOVFF  2B,32
00FE:  MOVFF  2A,31
....................  
....................    if (ext) {  //extended 
0102:  MOVF   30,F
0104:  BZ    01AA
....................       //eidl 
....................       *ptr=make8(id,0); //0:7 
0106:  MOVFF  31,FE9
010A:  MOVFF  32,FEA
010E:  MOVFF  2C,FEF
....................  
....................       //eidh 
....................       ptr--; 
0112:  MOVF   31,W
0114:  BTFSC  FD8.2
0116:  DECF   32,F
0118:  DECF   31,F
....................       *ptr=make8(id,1); //8:15 
011A:  MOVFF  31,FE9
011E:  MOVFF  32,FEA
0122:  MOVFF  2D,FEF
....................  
....................       //sidl 
....................       ptr--; 
0126:  MOVF   31,W
0128:  BTFSC  FD8.2
012A:  DECF   32,F
012C:  DECF   31,F
....................       *ptr=make8(id,2) & 0x03;   //16:17 
012E:  MOVFF  31,FE9
0132:  MOVFF  32,FEA
0136:  MOVF   2E,W
0138:  ANDLW  03
013A:  MOVWF  FEF
....................       *ptr|=(make8(id,2) << 3) & 0xE0; //18:20 
013C:  MOVFF  31,FE9
0140:  MOVFF  32,FEA
0144:  MOVFF  2E,00
0148:  RLCF   00,F
014A:  RLCF   00,F
014C:  RLCF   00,F
014E:  MOVLW  F8
0150:  ANDWF  00,F
0152:  MOVF   00,W
0154:  ANDLW  E0
0156:  IORWF  FEF,W
0158:  MOVWF  FEF
....................       *ptr|=0x08; 
015A:  MOVFF  31,FE9
015E:  MOVFF  32,FEA
0162:  MOVF   FEF,W
0164:  IORLW  08
0166:  MOVWF  FEF
....................  
....................  
....................       //sidh 
....................       ptr--; 
0168:  MOVF   31,W
016A:  BTFSC  FD8.2
016C:  DECF   32,F
016E:  DECF   31,F
....................       *ptr=((make8(id,2) >> 5) & 0x07 ); //21:23 
0170:  MOVFF  31,FE9
0174:  MOVFF  32,FEA
0178:  MOVFF  2E,00
017C:  SWAPF  00,F
017E:  RRCF   00,F
0180:  MOVLW  07
0182:  ANDWF  00,F
0184:  MOVF   00,W
0186:  ANDLW  07
0188:  MOVWF  FEF
....................       *ptr|=((make8(id,3) << 3) & 0xF8);//24:28 
018A:  MOVFF  31,FE9
018E:  MOVFF  32,FEA
0192:  MOVFF  2F,00
0196:  RLCF   00,F
0198:  RLCF   00,F
019A:  RLCF   00,F
019C:  MOVLW  F8
019E:  ANDWF  00,F
01A0:  MOVF   00,W
01A2:  ANDLW  F8
01A4:  IORWF  FEF,W
01A6:  MOVWF  FEF
....................    } 
....................    else {   //standard 
01A8:  BRA    0228
....................       //eidl 
....................       *ptr=0; 
01AA:  MOVFF  31,FE9
01AE:  MOVFF  32,FEA
01B2:  CLRF   FEF
....................  
....................       //eidh 
....................       ptr--; 
01B4:  MOVF   31,W
01B6:  BTFSC  FD8.2
01B8:  DECF   32,F
01BA:  DECF   31,F
....................       *ptr=0; 
01BC:  MOVFF  31,FE9
01C0:  MOVFF  32,FEA
01C4:  CLRF   FEF
....................  
....................       //sidl 
....................       ptr--; 
01C6:  MOVF   31,W
01C8:  BTFSC  FD8.2
01CA:  DECF   32,F
01CC:  DECF   31,F
....................       *ptr=(make8(id,0) << 5) & 0xE0; 
01CE:  MOVFF  31,FE9
01D2:  MOVFF  32,FEA
01D6:  MOVFF  2C,00
01DA:  SWAPF  00,F
01DC:  RLCF   00,F
01DE:  MOVLW  E0
01E0:  ANDWF  00,F
01E2:  MOVF   00,W
01E4:  ANDLW  E0
01E6:  MOVWF  FEF
....................  
....................       //sidh 
....................       ptr--; 
01E8:  MOVF   31,W
01EA:  BTFSC  FD8.2
01EC:  DECF   32,F
01EE:  DECF   31,F
....................       *ptr=(make8(id,0) >> 3) & 0x1F; 
01F0:  MOVFF  31,FE9
01F4:  MOVFF  32,FEA
01F8:  MOVFF  2C,00
01FC:  RRCF   00,F
01FE:  RRCF   00,F
0200:  RRCF   00,F
0202:  MOVLW  1F
0204:  ANDWF  00,F
0206:  MOVF   00,W
0208:  ANDLW  1F
020A:  MOVWF  FEF
....................       *ptr|=(make8(id,1) << 5) & 0xE0; 
020C:  MOVFF  31,FE9
0210:  MOVFF  32,FEA
0214:  MOVFF  2D,00
0218:  SWAPF  00,F
021A:  RLCF   00,F
021C:  MOVLW  E0
021E:  ANDWF  00,F
0220:  MOVF   00,W
0222:  ANDLW  E0
0224:  IORWF  FEF,W
0226:  MOVWF  FEF
....................    } 
.................... } 
0228:  RETLW  00
....................  
.................... //////////////////////////////////////////////////////////////////////// 
.................... // 
.................... // can_get_id() 
.................... // 
.................... // Returns the ID of the specified buffer.  (The opposite of can_set_id()) 
.................... // This is used after receiving a message, to see which ID sent the message. 
.................... // 
.................... //   Paramaters: 
.................... //     addr - pointer to first byte of ID register, starting with xxxxEIDL. 
.................... //            For example, a pointer to RXM1EIDL 
.................... //     ext - Set to TRUE if this buffer uses an extended ID, FALSE if not 
.................... // 
.................... //   Returns: 
.................... //     The ID of the buffer 
.................... // 
.................... //////////////////////////////////////////////////////////////////////// 
.................... int32 can_get_id(int * addr, int1 ext) { 
....................    int32 ret; 
....................    int * ptr; 
....................  
....................    ret=0; 
....................    ptr=addr; 
....................  
....................    if (ext) { 
....................       ret=*ptr;  //eidl 
....................  
....................       ptr--;     //eidh 
....................       ret|=((int32)*ptr << 8); 
....................  
....................       ptr--;     //sidl 
....................       ret|=((int32)*ptr & 0x03) << 16; 
....................       ret|=((int32)*ptr & 0xE0) << 13; 
....................  
....................       ptr--;     //sidh 
....................       ret|=((int32)*ptr << 21); 
....................  
....................    } 
....................    else { 
....................       ptr-=2;    //sidl 
....................       ret=((int32)*ptr & 0xE0) >> 5; 
....................  
....................       ptr--;     //sidh 
....................       ret|=((int32)*ptr << 3); 
....................    } 
....................  
....................    return(ret); 
.................... } 
....................  
.................... //////////////////////////////////////////////////////////////////////// 
.................... // 
.................... // can_putd() 
.................... // 
.................... // Puts data on a transmit buffer, at which time the CAN peripheral will 
.................... // send when the CAN bus becomes available. 
.................... // 
.................... //    Paramaters: 
.................... //       id - ID to transmit data as 
.................... //       data - pointer to data to send 
.................... //       len - length of data to send 
.................... //       priority - priority of message.  The higher the number, the 
.................... //                  sooner the CAN peripheral will send the message. 
.................... //                  Numbers 0 through 3 are valid. 
.................... //       ext - TRUE to use an extended ID, FALSE if not 
.................... //       rtr - TRUE to set the RTR (request) bit in the ID, false if NOT 
.................... // 
.................... //    Returns: 
.................... //       If successful, it will return TRUE 
.................... //       If un-successful, will return FALSE 
.................... // 
.................... //////////////////////////////////////////////////////////////////////// 
.................... int1 can_putd(int32 id, int * data, int len, int priority, int1 ext, int1 rtr) { 
....................    int i; 
....................    int * txd0; 
....................    int port; 
....................  
....................    txd0=&TXRXBaD0; 
*
0302:  MOVLW  0F
0304:  MOVWF  28
0306:  MOVLW  66
0308:  MOVWF  27
....................  
....................     // find emtpy transmitter 
....................     //map access bank addresses to empty transmitter 
....................    if (!TXB0CON.txreq) { 
030A:  MOVLB  F
030C:  BTFSC  x40.3
030E:  BRA    031C
....................       CANCON.win=CAN_WIN_TX0; 
0310:  MOVLW  F1
0312:  ANDWF  F6F,W
0314:  IORLW  08
0316:  MOVWF  F6F
....................       port=0; 
0318:  CLRF   29
....................    } 
....................    else if (!TXB1CON.txreq) { 
031A:  BRA    0346
031C:  BTFSC  x30.3
031E:  BRA    032E
....................       CANCON.win=CAN_WIN_TX1; 
0320:  MOVLW  F1
0322:  ANDWF  F6F,W
0324:  IORLW  06
0326:  MOVWF  F6F
....................       port=1; 
0328:  MOVLW  01
032A:  MOVWF  29
....................    } 
....................    else if (!TXB2CON.txreq) { 
032C:  BRA    0346
032E:  BTFSC  x20.3
0330:  BRA    0340
....................       CANCON.win=CAN_WIN_TX2; 
0332:  MOVLW  F1
0334:  ANDWF  F6F,W
0336:  IORLW  04
0338:  MOVWF  F6F
....................       port=2; 
033A:  MOVLW  02
033C:  MOVWF  29
....................    } 
....................    else { 
033E:  BRA    0346
....................       #if CAN_DO_DEBUG 
....................          can_debug("\r\nCAN_PUTD() FAIL: NO OPEN TX BUFFERS\r\n"); 
....................       #endif 
....................       return(0); 
0340:  MOVLW  00
0342:  MOVWF  01
0344:  BRA    03BC
....................    } 
....................  
....................    //set priority. 
....................    TXBaCON.txpri=priority; 
0346:  MOVF   23,W
0348:  ANDLW  03
034A:  MOVWF  00
034C:  MOVLW  FC
034E:  ANDWF  F60,W
0350:  IORWF  00,W
0352:  MOVWF  F60
....................  
....................    //set tx mask 
....................    can_set_id(TXRXBaID, id, ext); 
0354:  MOVLW  0F
0356:  MOVWF  2B
0358:  MOVLW  64
035A:  MOVWF  2A
035C:  MOVFF  1F,2F
0360:  MOVFF  1E,2E
0364:  MOVFF  1D,2D
0368:  MOVFF  1C,2C
036C:  MOVFF  24,30
0370:  MOVLB  0
0372:  RCALL  00FA
....................  
....................    //set tx data count 
....................    TXBaDLC=len; 
0374:  MOVFF  22,F65
....................    TXBaDLC.rtr=rtr; 
0378:  BCF    F65.6
037A:  BTFSC  25.0
037C:  BSF    F65.6
....................  
....................     for (i=0; i<len; i++) { 
037E:  CLRF   26
0380:  MOVF   22,W
0382:  SUBWF  26,W
0384:  BC    03AE
....................       *txd0=*data; 
0386:  MOVFF  20,FE9
038A:  MOVFF  21,FEA
038E:  MOVFF  FEF,2C
0392:  MOVFF  28,FEA
0396:  MOVFF  27,FE9
039A:  MOVFF  2C,FEF
....................       txd0++; 
039E:  INCF   27,F
03A0:  BTFSC  FD8.2
03A2:  INCF   28,F
....................       data++; 
03A4:  INCF   20,F
03A6:  BTFSC  FD8.2
03A8:  INCF   21,F
....................     } 
03AA:  INCF   26,F
03AC:  BRA    0380
....................  
....................    //enable transmission 
....................    TXBaCON.txreq=1; 
03AE:  BSF    F60.3
....................  
....................    CANCON.win=CAN_WIN_RX0; 
03B0:  MOVLW  F1
03B2:  ANDWF  F6F,W
03B4:  MOVWF  F6F
....................  
....................    #if CAN_DO_DEBUG 
....................             can_debug("\r\nCAN_PUTD(): BUFF=%U ID=%LX LEN=%U PRI=%U EXT=%U RTR=%U\r\n", port, id, len, priority, ext, rtr); 
....................             if ((len)&&(!rtr)) { 
....................                data-=len; 
....................                can_debug("  DATA = "); 
....................                for (i=0;i<len;i++) { 
....................                   can_debug("%X ",*data); 
....................                   data++; 
....................                } 
....................                can_debug("\r\n"); 
....................             } 
....................    #endif 
....................  
....................    return(1); 
03B6:  MOVLW  01
03B8:  MOVWF  01
03BA:  MOVLB  F
.................... } 
03BC:  MOVLB  0
03BE:  RETLW  00
....................  
.................... //////////////////////////////////////////////////////////////////////// 
.................... // 
.................... // can_getd() 
.................... // 
.................... // Gets data from a receive buffer, if the data exists 
.................... // 
.................... //    Returns: 
.................... //      id - ID who sent message 
.................... //      data - pointer to array of data 
.................... //      len - length of received data 
.................... //      stat - structure holding some information (such as which buffer 
.................... //             recieved it, ext or standard, etc) 
.................... // 
.................... //    Returns: 
.................... //      Function call returns a TRUE if there was data in a RX buffer, FALSE 
.................... //      if there was none. 
.................... // 
.................... //////////////////////////////////////////////////////////////////////// 
.................... int1 can_getd(int32 & id, int * data, int & len, struct rx_stat & stat) 
.................... { 
....................     int i; 
....................     int * ptr; 
....................  
....................     if (RXB0CON.rxful) { 
....................         CANCON.win=CAN_WIN_RX0; 
....................         stat.buffer=0; 
....................  
....................         CAN_INT_RXB0IF=0; 
....................  
....................         stat.err_ovfl=COMSTAT.rx0ovfl; 
....................         COMSTAT.rx0ovfl=0; 
....................  
....................         if (RXB0CON.rxb0dben) { 
....................          stat.filthit=RXB0CON.filthit0; 
....................         } 
....................     } 
....................     else if ( RXB1CON.rxful ) 
....................     { 
....................         CANCON.win=CAN_WIN_RX1; 
....................         stat.buffer=1; 
....................  
....................         CAN_INT_RXB1IF=0; 
....................  
....................         stat.err_ovfl=COMSTAT.rx1ovfl; 
....................         COMSTAT.rx1ovfl=0; 
....................  
....................         stat.filthit=RXB1CON.filthit; 
....................     } 
....................     else { 
....................       #if CAN_DO_DEBUG 
....................          can_debug("\r\nFAIL ON CAN_GETD(): NO MESSAGE IN BUFFER\r\n"); 
....................       #endif 
....................       return (0); 
....................     } 
....................  
....................     len = RXBaDLC.dlc; 
....................     stat.rtr=RXBaDLC.rtr; 
....................  
....................     stat.ext=TXRXBaSIDL.ext; 
....................     id=can_get_id(TXRXBaID,stat.ext); 
....................  
....................     ptr = &TXRXBaD0; 
....................     for ( i = 0; i < len; i++ ) { 
....................         *data = *ptr; 
....................         data++; 
....................         ptr++; 
....................     } 
....................  
....................     // return to default addressing 
....................     CANCON.win=CAN_WIN_RX0; 
....................  
....................     stat.inv=CAN_INT_IRXIF; 
....................     CAN_INT_IRXIF = 0; 
....................  
....................     if (stat.buffer) { 
....................       RXB1CON.rxful=0; 
....................     } 
....................     else { 
....................       RXB0CON.rxful=0; 
....................     } 
....................  
....................     #if CAN_DO_DEBUG 
....................        can_debug("\r\nCAN_GETD(): BUFF=%U ID=%LX LEN=%U OVF=%U ", stat.buffer, id, len, stat.err_ovfl); 
....................        can_debug("FILT=%U RTR=%U EXT=%U INV=%U", stat.filthit, stat.rtr, stat.ext, stat.inv); 
....................        if ((len)&&(!stat.rtr)) { 
....................           data-=len; 
....................           can_debug("\r\n    DATA = "); 
....................           for (i=0;i<len;i++) { 
....................             can_debug("%X ",*data); 
....................             data++; 
....................           } 
....................        } 
....................        can_debug("\r\n"); 
....................     #endif 
....................  
....................     return(1); 
.................... } 
....................  
....................  
....................  
....................  
.................... #include <CAN_id_v2.h> 
.................... //  CAN_id_v2 
.................... //  Version 2.0 - HDT - 20/04/2011 
.................... //  Version 2.1 - HDT - 22/04/2011 
....................  
.................... // Acknowledge IDs (0~99) 
....................  
.................... #define MAB_BRAKE_ACK_ID    0// acknowledge de frein (provient de la MicroAutoBox) 
.................... #define MAB_BOOST_ACK_ID    1// acknowledge de boost (provient de la MicroAutoBox) 
.................... #define MAB_ERRSC_ACK_ID    2// acknowledge d'erreurs supercapas (provient de la MicroAutoBox) 
.................... #define ARR_STOP_ACK_ID     3// acknowledge des feux stop (provient de la carte phares arrière) 
.................... #define TDB_ERR_ACK_ID      4// acknowledge d'erreurs MAB (provient de la carte tableau de bord) 
....................  
.................... // High Priority IDs (100~199) 
....................  
.................... #define TDB_BRAKE_ID        100// frein (provient du tableau de bord) 
.................... #define TDB_BOOST_ID        110// boost (provient du tableau de bord) 
.................... #define SCP_ERR_ID          120// erreurs de supercapas 
.................... #define MAB_ERR_ID          121// erreur sur la MicroAutoBox 
.................... #define MAB_STOP_ID         130// feux stop (provient de la MicroAutoBox) 
....................  
.................... // Medium/low Priority IDs (200~infinity) 
....................  
.................... #define SCP_TEMP_ID         200// température supercapas 
.................... #define ALM_CHARGE_ID       210// charge de la batterie (provient de la carte alim) 
.................... #define AVT_VITESSE_ID      215// vitesse du véhicule (provient de la carte vitesse phares avant) 
.................... #define TDB_PHARES_ID       220// phares (provient du tableau de bord) 
....................  
....................  
.................... #define ERR_SC1         PIN_A0 
.................... #define ERR_SC2         PIN_A1 
.................... #define ERR_SC3         PIN_A5 
.................... #define ERR_SC4         PIN_A4 
.................... #define TSC1            PIN_C1 
.................... #define TSC2            PIN_A2 
.................... #define TSC3            PIN_A3 
.................... #define TSC4            PIN_C0 
....................  
.................... #define BATT_MAX        192     //en 8bits. En 16bits : 49282 
.................... #define BATT_MIN        175     //en 8bits. En 16bits : 44957 
....................  
.................... #fuses HS,NOPROTECT,NOLVP,NOWDT 
.................... #use delay(clock=20000000) 
....................  
.................... // Variables utilisées 
....................  
.................... int16 ms = 0; 
.................... int1 send_error = false; 
.................... int1 send_temp = false; 
....................  
.................... // Fonctions 
....................  
.................... #inline 
.................... void manageCAN(); 
....................  
.................... #inline 
.................... void internalLogic(); 
....................  
.................... #int_timer2 
.................... void isr_timer2() 
.................... { 
....................     ms++; 
*
009E:  INCF   18,F
00A0:  BTFSC  FD8.2
00A2:  INCF   19,F
.................... } 
....................  
00A4:  BCF    F9E.1
00A6:  GOTO   0058
.................... #org DEFAULT 
.................... void main() 
.................... { 
*
03C0:  CLRF   FF8
03C2:  BCF    FD0.7
03C4:  BSF    0D.7
03C6:  CLRF   FEA
03C8:  CLRF   FE9
03CA:  MOVF   FC1,W
03CC:  ANDLW  C0
03CE:  IORLW  0F
03D0:  MOVWF  FC1
03D2:  CLRF   18
03D4:  CLRF   19
03D6:  BCF    1A.0
03D8:  BCF    1A.1
....................    setup_adc_ports(NO_ANALOGS); 
03DA:  MOVF   FC1,W
03DC:  ANDLW  C0
03DE:  IORLW  0F
03E0:  MOVWF  FC1
....................    set_tris_a(0b00111111); 
03E2:  MOVLW  3F
03E4:  MOVWF  F92
....................    set_tris_c(0b00000011); 
03E6:  MOVLW  03
03E8:  MOVWF  F94
....................  
....................    enable_interrupts(INT_TIMER2); 
03EA:  BSF    F9D.1
....................    enable_interrupts(GLOBAL); 
03EC:  MOVLW  C0
03EE:  IORWF  FF2,F
....................  
....................    setup_timer_2(T2_DIV_BY_4,79,16);   //setup up timer2 to interrupt every 1ms 
03F0:  MOVLW  78
03F2:  IORLW  05
03F4:  MOVWF  FCA
03F6:  MOVLW  4F
03F8:  MOVWF  FCB
....................    can_init(); 
03FA:  BRA    022A
....................    can_set_baud(); 
03FC:  RCALL  00CC
....................  
....................    //  BOUCLE DE TRAVAIL 
....................    while(TRUE) 
....................    { 
....................       internalLogic(); 
....................       manageCAN(); 
....................    } 
*
0498:  BRA    0400
.................... } 
....................  
.................... #inline 
.................... void manageCAN() 
049A:  SLEEP 
.................... { 
....................    //struct rx_stat rxStat; 
....................    //int32 rxId; 
....................    //int8 rxData[8]; 
....................    //int8 rxLen; 
....................  
....................     int1 txData[8]; 
....................  
....................    /*if(can_kbhit())     // Une donnée est présente dans le buffer de réception du CAN 
....................    { 
....................       if(can_getd(rxId,rxData,rxLen,rxStat)) 
....................       { 
....................          if(rxId == XXX_ID)        // TODO : reçoit-on une donnée pour la carte sc ? Pas sûr ! 
....................          { 
....................  
....................          } 
....................       } 
....................    }*/ 
....................  
....................    if(can_tbe()) 
*
03FE:  MOVLB  F
0400:  BTFSS  x40.3
0402:  BRA    040C
0404:  BTFSS  x30.3
0406:  BRA    040C
0408:  BTFSC  x20.3
040A:  BRA    0498
....................    { 
....................        if(send_error) 
040C:  BTFSS  1A.0
040E:  BRA    0452
....................        { 
....................            txData[3] = input(ERR_SC4); 
0410:  BSF    F92.4
0412:  BCF    1B.3
0414:  BTFSC  F80.4
0416:  BSF    1B.3
....................            txData[2] = input(ERR_SC3); 
0418:  BSF    F92.5
041A:  BCF    1B.2
041C:  BTFSC  F80.5
041E:  BSF    1B.2
....................            txData[1] = input(ERR_SC2); 
0420:  BSF    F92.1
0422:  BCF    1B.1
0424:  BTFSC  F80.1
0426:  BSF    1B.1
....................            txData[0] = input(ERR_SC1); 
0428:  BSF    F92.0
042A:  BCF    1B.0
042C:  BTFSC  F80.0
042E:  BSF    1B.0
....................            can_putd(SCP_ERR_ID,txData,4,1,false,false); 
0430:  CLRF   1F
0432:  CLRF   1E
0434:  CLRF   1D
0436:  MOVLW  78
0438:  MOVWF  1C
043A:  CLRF   21
043C:  MOVLW  1B
043E:  MOVWF  20
0440:  MOVLW  04
0442:  MOVWF  22
0444:  MOVLW  01
0446:  MOVWF  23
0448:  CLRF   24
044A:  CLRF   25
044C:  MOVLB  0
044E:  RCALL  0302
0450:  MOVLB  F
....................        } 
....................  
....................        if(send_temp) 
0452:  BTFSS  1A.1
0454:  BRA    0498
....................        { 
....................            txData[3] = input(TSC4); 
0456:  BSF    F94.0
0458:  BCF    1B.3
045A:  BTFSC  F82.0
045C:  BSF    1B.3
....................            txData[2] = input(TSC3); 
045E:  BSF    F92.3
0460:  BCF    1B.2
0462:  BTFSC  F80.3
0464:  BSF    1B.2
....................            txData[1] = input(TSC2); 
0466:  BSF    F92.2
0468:  BCF    1B.1
046A:  BTFSC  F80.2
046C:  BSF    1B.1
....................            txData[0] = input(TSC1); 
046E:  BSF    F94.1
0470:  BCF    1B.0
0472:  BTFSC  F82.1
0474:  BSF    1B.0
....................            can_putd(SCP_TEMP_ID,txData,4,1,false,false); 
0476:  CLRF   1F
0478:  CLRF   1E
047A:  CLRF   1D
047C:  MOVLW  C8
047E:  MOVWF  1C
0480:  CLRF   21
0482:  MOVLW  1B
0484:  MOVWF  20
0486:  MOVLW  04
0488:  MOVWF  22
048A:  MOVLW  01
048C:  MOVWF  23
048E:  CLRF   24
0490:  CLRF   25
0492:  MOVLB  0
0494:  RCALL  0302
0496:  MOVLB  F
....................        } 
....................    } 
.................... } 
....................  
.................... #inline 
.................... void internalLogic() 
.................... { 
....................  
.................... } 
....................  

Configuration Fuses:
   Word  1: 0200   HS NOIESO NOFCMEN RESERVED
   Word  2: 1E1E   BROWNOUT NOWDT BORV21 PUT WDT32768
   Word  3: 8200   PBADEN NOLPT1OSC MCLR RESERVED
   Word  4: 0081   STVREN NODEBUG NOLVP BBSIZ1K NOXINST RESERVED
   Word  5: C00F   NOPROTECT NOCPD NOCPB
   Word  6: E00F   NOWRT NOWRTD NOWRTC NOWRTB
   Word  7: 400F   NOEBTR NOEBTRB
