eeschema (2011-01-22 BZR 2754)-stable  >> Creation date: 08/02/2011 18:39:44

#Cmp ( ordre = Référence )
| C1         27p         
| C2         100u        
| C3         10u         
| C4         27p         
| C5         27p         
| C6         1u          
| C7         27p         
| C8         27p         
| C9         1u          
| C10        1u          
| C11        1u          
| C12        27p         
| C13        1u          
| C14        1u          
| C15        27p         
| C16        1u          
| D1         RED         
| K1         RS232       
| MECA1      5mm         
| MECA2      5mm         
| MECA3      5mm         
| MEZZA1     MEZZA-10    
| MEZZA2     MEZZA-10    
| P1         ALIM        
| P2         CAN1        
| P3         CAN2        
| R1         1K          
| R2         1K          
| R3         47K         
| U1         7805        
| U2         CAN_MCP2551 
| U3         ICD         
| U4         MAX232      
| U5         PIC18F258   
| X1         10M         
#End Cmp

#Cmp ( ordre = Valeur )
| 100u         C2        
| 10M          X1        
| 10u          C3        
| 1K           R1        
| 1K           R2        
| 1u           C6        
| 1u           C9        
| 1u           C10       
| 1u           C11       
| 1u           C13       
| 1u           C14       
| 1u           C16       
| 27p          C1        
| 27p          C4        
| 27p          C5        
| 27p          C7        
| 27p          C8        
| 27p          C12       
| 27p          C15       
| 47K          R3        
| 5mm          MECA1     
| 5mm          MECA2     
| 5mm          MECA3     
| 7805         U1        
| ALIM         P1        
| CAN_MCP2551  U2        
| CAN1         P2        
| CAN2         P3        
| ICD          U3        
| MAX232       U4        
| MEZZA-10     MEZZA1    
| MEZZA-10     MEZZA2    
| PIC18F258    U5        
| RED          D1        
| RS232        K1        
#End Cmp

#End List
