eeschema (20100406 SVN-R2508)-final  >> Creation date: 25/05/2010 23:44:13

#Cmp ( ordre = Référence )
| C1         10u         
| C2         17p         
| C3         17p         
| C4         17p         
| C5         17p         
| C6         1u          
| C7         1u          
| C8         1u          
| C9         1u          
| D1         RED         
| GND1       Meca        
| GND2       Meca        
| GND3       Meca        
| HE1        HE10-16     
| HE2        HE10-16     
| J1         DB25        
| J3         Intfce      
| P5         Phare       
| P6         Relais      
| P7         Secu        
| P8         Inters      
| R1         10k         
| R2         10k         
| R3         10k         
| R4         1k          
| U1         7808        
| U2         LM324       
| U3         LM324       
| U4         LM324       
| U5         LM358       
#End Cmp

#Cmp ( ordre = Valeur )
| 10k          R1        
| 10k          R2        
| 10k          R3        
| 10u          C1        
| 17p          C2        
| 17p          C3        
| 17p          C4        
| 17p          C5        
| 1k           R4        
| 1u           C6        
| 1u           C7        
| 1u           C8        
| 1u           C9        
| 7808         U1        
| DB25         J1        
| HE10-16      HE1       
| HE10-16      HE2       
| Inters       P8        
| Intfce       J3        
| LM324        U2        
| LM324        U3        
| LM324        U4        
| LM358        U5        
| Meca         GND1      
| Meca         GND2      
| Meca         GND3      
| Phare        P5        
| RED          D1        
| Relais       P6        
| Secu         P7        
#End Cmp

#End List
