eeschema (20100406 SVN-R2508)-final  >> Creation date: 25/05/2010 23:48:18

#Cmp ( ordre = Référence )
| C5         17p         
| C6         1u          
| C7         10u         
| C8         10u         
| C9         1u          
| C10        1u          
| C11        22p         
| C12        22p         
| CALC1      CALC_IN     
| CALC2      CALC_OUT    
| D1         RED         
| D2         5V          
| D3         5V          
| D4         5V          
| D5         5V          
| D6         5V          
| D7         5V          
| D8         5V          
| D9         5V          
| D10        DIODE       
| D11        DIODE       
| GND1       Meca        
| GND2       Meca        
| GND3       Meca        
| GND4       Meca        
| GND5       Meca        
| GND6       Meca        
| J1         CONVERT     
| J2         TDB         
| J3         VITESSE     
| J4         RELAIS      
| P2         KLARIC      
| P3         SC3         
| P4         SC2         
| P5         SC1         
| P6         HE10-10     
| R1         1k          
| R2         1k          
| R3         1k          
| R4         2.3k        
| R5         1k          
| R6         3.5k        
| R7         1k          
| R8         3.5k        
| R9         1k          
| R10        100         
| R11        100         
| R12        100         
| R13        100         
| R14        100         
| R15        100         
| R16        100         
| R17        100         
| R18        100         
| R19        100         
| R20        20k         
| R21        20k         
| R22        20k         
| R23        20k         
| R24        20k         
| R25        20k         
| R26        20k         
| R27        20k         
| R28        33k         
| R29        33k         
| R30        33k         
| R31        33k         
| R32        33k         
| R33        33k         
| R34        33k         
| R35        33k         
| R36        560k        
| R37        560k        
| R38        560k        
| R39        560k        
| R40        560k        
| R41        560k        
| R42        560k        
| R43        560k        
| R44        56k         
| R45        56k         
| R46        56k         
| R47        56k         
| R48        56k         
| R49        56k         
| R50        56k         
| R51        56k         
| R52        20k         
| R53        20k         
| U3         7805        
| U4         LM324       
| U5         LM324       
| U6         LM358       
#End Cmp

#Cmp ( ordre = Valeur )
| 100          R10       
| 100          R11       
| 100          R12       
| 100          R13       
| 100          R14       
| 100          R15       
| 100          R16       
| 100          R17       
| 100          R18       
| 100          R19       
| 10u          C7        
| 10u          C8        
| 17p          C5        
| 1k           R1        
| 1k           R2        
| 1k           R3        
| 1k           R5        
| 1k           R7        
| 1k           R9        
| 1u           C6        
| 1u           C9        
| 1u           C10       
| 2.3k         R4        
| 20k          R20       
| 20k          R21       
| 20k          R22       
| 20k          R23       
| 20k          R24       
| 20k          R25       
| 20k          R26       
| 20k          R27       
| 20k          R52       
| 20k          R53       
| 22p          C11       
| 22p          C12       
| 3.5k         R6        
| 3.5k         R8        
| 33k          R28       
| 33k          R29       
| 33k          R30       
| 33k          R31       
| 33k          R32       
| 33k          R33       
| 33k          R34       
| 33k          R35       
| 560k         R36       
| 560k         R37       
| 560k         R38       
| 560k         R39       
| 560k         R40       
| 560k         R41       
| 560k         R42       
| 560k         R43       
| 56k          R44       
| 56k          R45       
| 56k          R46       
| 56k          R47       
| 56k          R48       
| 56k          R49       
| 56k          R50       
| 56k          R51       
| 5V           D2        
| 5V           D3        
| 5V           D4        
| 5V           D5        
| 5V           D6        
| 5V           D7        
| 5V           D8        
| 5V           D9        
| 7805         U3        
| CALC_IN      CALC1     
| CALC_OUT     CALC2     
| CONVERT      J1        
| DIODE        D10       
| DIODE        D11       
| HE10-10      P6        
| KLARIC       P2        
| LM324        U4        
| LM324        U5        
| LM358        U6        
| Meca         GND1      
| Meca         GND2      
| Meca         GND3      
| Meca         GND4      
| Meca         GND5      
| Meca         GND6      
| RED          D1        
| RELAIS       J4        
| SC1          P5        
| SC2          P4        
| SC3          P3        
| TDB          J2        
| VITESSE      J3        
#End Cmp

#End List
